<html>
<body>
<pre>
<h1>礦ision Build Log</h1>
<h2>Tool Versions:</h2>
IDE-Version: μVision V5.26.2.0
Copyright (C) 2018 ARM Ltd and ARM Germany GmbH. All rights reserved.
License Information: 1 孟凡超, 1, LIC=47GU5-GIQAW-12RLE-52J9S-MH3E0-6X8N6
 
Tool Versions:
Toolchain:       MDK-ARM Plus  Version: 5.26.2.0
Toolchain Path:  C:\Keil_v5\ARM\ARMCC\Bin
C Compiler:      Armcc.exe V5.06 update 6 (build 750)
Assembler:       Armasm.exe V5.06 update 6 (build 750)
Linker/Locator:  ArmLink.exe V5.06 update 6 (build 750)
Library Manager: ArmAr.exe V5.06 update 6 (build 750)
Hex Converter:   FromElf.exe V5.06 update 6 (build 750)
CPU DLL:         SARMCM3.DLL V5.26.2.0
Dialog DLL:      DCM.DLL V1.17.2.0
Target DLL:      CMSIS_AGDI.dll V1.30.6.0
Dialog DLL:      TCM.DLL V1.36.1.0
 
<h2>Project:</h2>
D:\随动\工作\独立系统搭建\方案\git\Follow_STM32\MDK-ARM\YS-F4STD.uvprojx
Project File Date:  03/14/2024

<h2>Output:</h2>
*** Using Compiler 'V5.06 update 6 (build 750)', folder: 'C:\Keil_v5\ARM\ARMCC\Bin'
Rebuild target 'YS-F4STD'
assembling startup_stm32f407xx.s...
compiling follow_para.c...
../Core/Inc/follow_para.h(53): warning:  #1295-D: Deprecated declaration InitFollowParam - give arg types
  void InitFollowParam();
../Core/Inc/follow_para.h(84): warning:  #1-D: last line of file ends without a newline
   #endif
..\Core\Src\follow_para.c(17): warning:  #1-D: last line of file ends without a newline
  }
..\Core\Src\follow_para.c: 3 warnings, 0 errors
compiling gpio.c...
compiling adc.c...
compiling stm32f4xx_it.c...
../Core/Inc/follow_para.h(53): warning:  #1295-D: Deprecated declaration InitFollowParam - give arg types
  void InitFollowParam();
../Core/Inc/follow_para.h(84): warning:  #1-D: last line of file ends without a newline
   #endif
..\bsp\inc\bsp_pc_usart.h(17): warning:  #1295-D: Deprecated declaration Get_usrt1_str - give arg types
  UART_STR* Get_usrt1_str();
..\bsp\inc\bsp_pc_usart.h(24): warning:  #1295-D: Deprecated declaration bsp_pc_usart_init - give arg types
  void bsp_pc_usart_init();
..\bsp\inc\bsp_pc_usart.h(25): warning:  #1295-D: Deprecated declaration bsp_pc_usart_isr - give arg types
  void bsp_pc_usart_isr();
..\bsp\inc\bsp_pc_usart.h(29): warning:  #1-D: last line of file ends without a newline
  #endif  /* __BSP_DEBUG_USART_H__ */
../Core/Src/stm32f4xx_it.c: 6 warnings, 0 errors
compiling follow_controller.c...
../Core/Inc/follow_para.h(53): warning:  #1295-D: Deprecated declaration InitFollowParam - give arg types
  void InitFollowParam();
../Core/Inc/follow_para.h(84): warning:  #1-D: last line of file ends without a newline
   #endif
../Core/Inc/follow_controller.h(90): warning:  #1295-D: Deprecated declaration FollowController_Get - give arg types
  FollowController*  FollowController_Get();
..\Core\Src\follow_controller.c(92): warning:  #940-D: missing return statement at end of non-void function "OnControl" 
  }
..\Core\Src\follow_controller.c: 4 warnings, 0 errors
compiling usart.c...
compiling tim.c...
compiling main.c...
../Core/Inc/follow_para.h(53): warning:  #1295-D: Deprecated declaration InitFollowParam - give arg types
  void InitFollowParam();
../Core/Inc/follow_para.h(84): warning:  #1-D: last line of file ends without a newline
   #endif
..\bsp\inc\bsp_pc_usart.h(17): warning:  #1295-D: Deprecated declaration Get_usrt1_str - give arg types
  UART_STR* Get_usrt1_str();
..\bsp\inc\bsp_pc_usart.h(24): warning:  #1295-D: Deprecated declaration bsp_pc_usart_init - give arg types
  void bsp_pc_usart_init();
..\bsp\inc\bsp_pc_usart.h(25): warning:  #1295-D: Deprecated declaration bsp_pc_usart_isr - give arg types
  void bsp_pc_usart_isr();
..\bsp\inc\bsp_pc_usart.h(29): warning:  #1-D: last line of file ends without a newline
  #endif  /* __BSP_DEBUG_USART_H__ */
../Core/Inc/follow_controller.h(90): warning:  #1295-D: Deprecated declaration FollowController_Get - give arg types
  FollowController*  FollowController_Get();
../Core/Src/main.c: 7 warnings, 0 errors
compiling stm32f4xx_hal_msp.c...
compiling i2c.c...
compiling dma.c...
compiling stm32f4xx_hal_pwr_ex.c...
compiling stm32f4xx_hal_pwr.c...
compiling stm32f4xx_hal_flash_ex.c...
compiling stm32f4xx_hal_flash_ramfunc.c...
compiling stm32f4xx_hal_flash.c...
compiling stm32f4xx_hal_dma.c...
compiling stm32f4xx_ll_adc.c...
compiling stm32f4xx_hal_rcc_ex.c...
compiling stm32f4xx_hal_rcc.c...
compiling stm32f4xx_hal_cortex.c...
compiling stm32f4xx_hal_gpio.c...
compiling stm32f4xx_hal_dma_ex.c...
compiling stm32f4xx_hal_adc_ex.c...
compiling stm32f4xx_hal_exti.c...
compiling stm32f4xx_hal_eth.c...
compiling stm32f4xx_hal_i2c_ex.c...
compiling stm32f4xx_hal.c...
compiling system_stm32f4xx.c...
compiling stm32f4xx_hal_adc.c...
compiling stm32f4xx_hal_uart.c...
compiling stm32f4xx_hal_tim_ex.c...
compiling stm32f4xx_hal_tim.c...
compiling stm32f4xx_hal_i2c.c...
compiling osal.c...
compiling oshw.c...
compiling nicdrv.c...
compiling ethercatbase.c...
..\Ethercat\soem\ethercatbase.c(83): warning:  #188-D: enumerated type mixed with another type
     ecx_writedatagramdata(&frameP[ETH_HEADERSIZE + EC_HEADERSIZE], com, length, data);
..\Ethercat\soem\ethercatbase.c(136): warning:  #188-D: enumerated type mixed with another type
     ecx_writedatagramdata(&frameP[prevlength + EC_HEADERSIZE - EC_ELENGTHSIZE], com, length, data);
..\Ethercat\soem\ethercatbase.c: 2 warnings, 0 errors
compiling ethercatconfig.c...
compiling ethercatcoe.c...
compiling ethercatdc.c...
compiling ethercatfoe.c...
compiling ethercatsoe.c...
compiling ethercatprint.c...
compiling ethercatmain.c...
compiling bsp_pc_usart.c...
../Core/Inc/follow_para.h(53): warning:  #1295-D: Deprecated declaration InitFollowParam - give arg types
  void InitFollowParam();
../Core/Inc/follow_para.h(84): warning:  #1-D: last line of file ends without a newline
   #endif
..\bsp\inc\bsp_pc_usart.h(17): warning:  #1295-D: Deprecated declaration Get_usrt1_str - give arg types
  UART_STR* Get_usrt1_str();
..\bsp\inc\bsp_pc_usart.h(24): warning:  #1295-D: Deprecated declaration bsp_pc_usart_init - give arg types
  void bsp_pc_usart_init();
..\bsp\inc\bsp_pc_usart.h(25): warning:  #1295-D: Deprecated declaration bsp_pc_usart_isr - give arg types
  void bsp_pc_usart_isr();
..\bsp\inc\bsp_pc_usart.h(29): warning:  #1-D: last line of file ends without a newline
  #endif  /* __BSP_DEBUG_USART_H__ */
..\bsp\src\bsp_pc_usart.c(54): warning:  #1-D: last line of file ends without a newline
  }
..\bsp\src\bsp_pc_usart.c: 7 warnings, 0 errors
compiling bsp_led.c...
compiling bsp_GeneralTIM.c...
compiling lan8720.c...
compiling bsp_debug_usart.c...
compiling soem.c...
compiling ethernetif.c...
..\bsp\src\ethernetif.c(189): warning:  #550-D: variable "status"  was set but never used
  	uint8_t status=0;
..\bsp\src\ethernetif.c: 1 warning, 0 errors
linking...
Program Size: Code=14676 RO-data=456 RW-data=24 ZI-data=18232  
FromELF: creating hex file...
"YS-F4STD\YS-F4STD.axf" - 0 Error(s), 30 Warning(s).

<h2>Software Packages used:</h2>

Package Vendor: ARM
                http://www.keil.com/pack/ARM.CMSIS.5.4.0.pack
                ARM.CMSIS.5.4.0
                CMSIS (Cortex Microcontroller Software Interface Standard)
   * Component: CORE Version: 5.1.2

Package Vendor: Keil
                http://www.keil.com/pack/Keil.STM32F4xx_DFP.2.3.0.pack
                Keil.STM32F4xx_DFP.2.3.0
                STMicroelectronics STM32F4 Series Device Support, Drivers and Examples

<h2>Collection of Component include folders:</h2>
  .\RTE\_YS-F4STD
  C:\Keil_v5\ARM\PACK\ARM\CMSIS\5.4.0\CMSIS\Core\Include
  C:\Keil_v5\ARM\PACK\Keil\STM32F4xx_DFP\2.3.0\Drivers\CMSIS\Device\ST\STM32F4xx\Include

<h2>Collection of Component Files used:</h2>

   * Component: ARM::CMSIS:CORE:5.1.2
Build Time Elapsed:  00:00:40
</pre>
</body>
</html>
