Component: ARM Compiler 5.06 update 6 (build 750) Tool: armlink [4d35ed]

==============================================================================

Section Cross References

    startup_stm32f407xx.o(RESET) refers to startup_stm32f407xx.o(STACK) for __initial_sp
    startup_stm32f407xx.o(RESET) refers to startup_stm32f407xx.o(.text) for Reset_Handler
    startup_stm32f407xx.o(RESET) refers to stm32f4xx_it.o(i.NMI_Handler) for NMI_Handler
    startup_stm32f407xx.o(RESET) refers to stm32f4xx_it.o(i.HardFault_Handler) for HardFault_Handler
    startup_stm32f407xx.o(RESET) refers to stm32f4xx_it.o(i.MemManage_Handler) for MemManage_Handler
    startup_stm32f407xx.o(RESET) refers to stm32f4xx_it.o(i.BusFault_Handler) for BusFault_Handler
    startup_stm32f407xx.o(RESET) refers to stm32f4xx_it.o(i.UsageFault_Handler) for UsageFault_Handler
    startup_stm32f407xx.o(RESET) refers to stm32f4xx_it.o(i.SVC_Handler) for SVC_Handler
    startup_stm32f407xx.o(RESET) refers to stm32f4xx_it.o(i.DebugMon_Handler) for DebugMon_Handler
    startup_stm32f407xx.o(RESET) refers to stm32f4xx_it.o(i.PendSV_Handler) for PendSV_Handler
    startup_stm32f407xx.o(RESET) refers to stm32f4xx_it.o(i.SysTick_Handler) for SysTick_Handler
    startup_stm32f407xx.o(RESET) refers to stm32f4xx_it.o(i.DMA1_Stream2_IRQHandler) for DMA1_Stream2_IRQHandler
    startup_stm32f407xx.o(RESET) refers to stm32f4xx_it.o(i.DMA1_Stream4_IRQHandler) for DMA1_Stream4_IRQHandler
    startup_stm32f407xx.o(RESET) refers to stm32f4xx_it.o(i.TIM4_IRQHandler) for TIM4_IRQHandler
    startup_stm32f407xx.o(RESET) refers to stm32f4xx_it.o(i.UART4_IRQHandler) for UART4_IRQHandler
    startup_stm32f407xx.o(RESET) refers to stm32f4xx_it.o(i.DMA2_Stream0_IRQHandler) for DMA2_Stream0_IRQHandler
    startup_stm32f407xx.o(RESET) refers to stm32f4xx_it.o(i.DMA2_Stream1_IRQHandler) for DMA2_Stream1_IRQHandler
    startup_stm32f407xx.o(RESET) refers to stm32f4xx_it.o(i.ETH_IRQHandler) for ETH_IRQHandler
    startup_stm32f407xx.o(RESET) refers to stm32f4xx_it.o(i.DMA2_Stream6_IRQHandler) for DMA2_Stream6_IRQHandler
    startup_stm32f407xx.o(RESET) refers to stm32f4xx_it.o(i.USART6_IRQHandler) for USART6_IRQHandler
    startup_stm32f407xx.o(.text) refers to system_stm32f4xx.o(i.SystemInit) for SystemInit
    startup_stm32f407xx.o(.text) refers to entry.o(.ARM.Collect$$$$00000000) for __main
    main.o(i.HAL_TIM_PeriodElapsedCallback) refers to follow_controller.o(i.FollowController_Get) for FollowController_Get
    main.o(i.HAL_TIM_PeriodElapsedCallback) refers to follow_controller.o(i.FollowController_OnStep) for FollowController_OnStep
    main.o(i.HAL_TIM_PeriodElapsedCallback) refers to tim.o(.bss) for htim4
    main.o(i.SystemClock_Config) refers to memseta.o(.text) for __aeabi_memclr4
    main.o(i.SystemClock_Config) refers to stm32f4xx_hal_rcc.o(i.HAL_RCC_OscConfig) for HAL_RCC_OscConfig
    main.o(i.SystemClock_Config) refers to stm32f4xx_hal_rcc.o(i.HAL_RCC_ClockConfig) for HAL_RCC_ClockConfig
    main.o(i.SystemClock_Config) refers to stm32f4xx_hal_rcc.o(i.HAL_RCC_EnableCSS) for HAL_RCC_EnableCSS
    main.o(i.main) refers to stm32f4xx_hal.o(i.HAL_Init) for HAL_Init
    main.o(i.main) refers to main.o(i.SystemClock_Config) for SystemClock_Config
    main.o(i.main) refers to gpio.o(i.MX_GPIO_Init) for MX_GPIO_Init
    main.o(i.main) refers to dma.o(i.MX_DMA_Init) for MX_DMA_Init
    main.o(i.main) refers to usart.o(i.MX_UART4_Init) for MX_UART4_Init
    main.o(i.main) refers to adc.o(i.MX_ADC3_Init) for MX_ADC3_Init
    main.o(i.main) refers to usart.o(i.MX_USART6_UART_Init) for MX_USART6_UART_Init
    main.o(i.main) refers to tim.o(i.MX_TIM2_Init) for MX_TIM2_Init
    main.o(i.main) refers to tim.o(i.MX_TIM3_Init) for MX_TIM3_Init
    main.o(i.main) refers to tim.o(i.MX_TIM4_Init) for MX_TIM4_Init
    main.o(i.main) refers to i2c.o(i.MX_I2C2_Init) for MX_I2C2_Init
    main.o(i.main) refers to bsp_led.o(i.LED_GPIO_Init) for LED_GPIO_Init
    main.o(i.main) refers to stm32f4xx_hal_tim.o(i.HAL_TIM_Base_Start_IT) for HAL_TIM_Base_Start_IT
    main.o(i.main) refers to bsp_pc_usart.o(i.bsp_pc_usart_init) for bsp_pc_usart_init
    main.o(i.main) refers to follow_controller.o(i.FollowController_Get) for FollowController_Get
    main.o(i.main) refers to follow_controller.o(i.FollowController_Init) for FollowController_Init
    main.o(i.main) refers to tim.o(.bss) for htim4
    gpio.o(i.MX_GPIO_Init) refers to memseta.o(.text) for __aeabi_memclr4
    gpio.o(i.MX_GPIO_Init) refers to stm32f4xx_hal_gpio.o(i.HAL_GPIO_WritePin) for HAL_GPIO_WritePin
    gpio.o(i.MX_GPIO_Init) refers to stm32f4xx_hal_gpio.o(i.HAL_GPIO_Init) for HAL_GPIO_Init
    adc.o(i.HAL_ADC_MspDeInit) refers to stm32f4xx_hal_gpio.o(i.HAL_GPIO_DeInit) for HAL_GPIO_DeInit
    adc.o(i.HAL_ADC_MspDeInit) refers to stm32f4xx_hal_dma.o(i.HAL_DMA_DeInit) for HAL_DMA_DeInit
    adc.o(i.HAL_ADC_MspInit) refers to memseta.o(.text) for __aeabi_memclr4
[...]
    ../clib/microlib/division.c              0x00000000   Number         0  uidiv.o ABSOLUTE
    ../clib/microlib/division.c              0x00000000   Number         0  ldiv.o ABSOLUTE
    ../clib/microlib/init/entry.s            0x00000000   Number         0  entry7a.o ABSOLUTE
    ../clib/microlib/init/entry.s            0x00000000   Number         0  entry7b.o ABSOLUTE
    ../clib/microlib/init/entry.s            0x00000000   Number         0  entry.o ABSOLUTE
    ../clib/microlib/init/entry.s            0x00000000   Number         0  entry9a.o ABSOLUTE
    ../clib/microlib/init/entry.s            0x00000000   Number         0  entry8b.o ABSOLUTE
    ../clib/microlib/init/entry.s            0x00000000   Number         0  entry9b.o ABSOLUTE
    ../clib/microlib/init/entry.s            0x00000000   Number         0  entry10b.o ABSOLUTE
    ../clib/microlib/init/entry.s            0x00000000   Number         0  entry11a.o ABSOLUTE
    ../clib/microlib/init/entry.s            0x00000000   Number         0  entry11b.o ABSOLUTE
    ../clib/microlib/init/entry.s            0x00000000   Number         0  entry8a.o ABSOLUTE
    ../clib/microlib/init/entry.s            0x00000000   Number         0  entry5.o ABSOLUTE
    ../clib/microlib/init/entry.s            0x00000000   Number         0  entry2.o ABSOLUTE
    ../clib/microlib/init/entry.s            0x00000000   Number         0  entry10a.o ABSOLUTE
    ../clib/microlib/longlong.c              0x00000000   Number         0  llsshr.o ABSOLUTE
    ../clib/microlib/longlong.c              0x00000000   Number         0  llushr.o ABSOLUTE
    ../clib/microlib/longlong.c              0x00000000   Number         0  llshl.o ABSOLUTE
    ../clib/microlib/printf/printf.c         0x00000000   Number         0  printf7.o ABSOLUTE
    ../clib/microlib/printf/printf.c         0x00000000   Number         0  printf0.o ABSOLUTE
    ../clib/microlib/printf/printf.c         0x00000000   Number         0  printf5.o ABSOLUTE
    ../clib/microlib/printf/printf.c         0x00000000   Number         0  printf1.o ABSOLUTE
    ../clib/microlib/printf/printf.c         0x00000000   Number         0  printf2.o ABSOLUTE
    ../clib/microlib/printf/printf.c         0x00000000   Number         0  printf4.o ABSOLUTE
    ../clib/microlib/printf/printf.c         0x00000000   Number         0  printf3.o ABSOLUTE
    ../clib/microlib/printf/printf.c         0x00000000   Number         0  printfa.o ABSOLUTE
    ../clib/microlib/printf/printf.c         0x00000000   Number         0  printf6.o ABSOLUTE
    ../clib/microlib/printf/printf.c         0x00000000   Number         0  printf8.o ABSOLUTE
    ../clib/microlib/printf/printf.c         0x00000000   Number         0  printfb.o ABSOLUTE
    ../clib/microlib/printf/stubs.s          0x00000000   Number         0  stubs.o ABSOLUTE
    ../clib/microlib/stdio/streams.c         0x00000000   Number         0  stdout.o ABSOLUTE
    ../clib/microlib/string/memcpy.c         0x00000000   Number         0  memcpyb.o ABSOLUTE
    ../clib/microlib/string/memcpy.c         0x00000000   Number         0  memcpya.o ABSOLUTE
    ../clib/microlib/string/memset.c         0x00000000   Number         0  memseta.o ABSOLUTE
    ../clib/microlib/string/strcpy.c         0x00000000   Number         0  strcpy.o ABSOLUTE
    ../clib/microlib/string/strlen.c         0x00000000   Number         0  strlen.o ABSOLUTE
    ../clib/microlib/string/strncpy.c        0x00000000   Number         0  strncpy.o ABSOLUTE
    ../clib/microlib/stubs.s                 0x00000000   Number         0  iusefp.o ABSOLUTE
    ../fplib/microlib/fpadd.c                0x00000000   Number         0  dadd.o ABSOLUTE
    ../fplib/microlib/fpdiv.c                0x00000000   Number         0  ddiv.o ABSOLUTE
    ../fplib/microlib/fpepilogue.c           0x00000000   Number         0  depilogue.o ABSOLUTE
    ../fplib/microlib/fpfix.c                0x00000000   Number         0  dfixul.o ABSOLUTE
    ../fplib/microlib/fpflt.c                0x00000000   Number         0  dfltui.o ABSOLUTE
    ../fplib/microlib/fpmul.c                0x00000000   Number         0  dmul.o ABSOLUTE
    ..\Core\Src\adc.c                        0x00000000   Number         0  adc.o ABSOLUTE
    ..\Core\Src\dma.c                        0x00000000   Number         0  dma.o ABSOLUTE
    ..\Core\Src\follow_controller.c          0x00000000   Number         0  follow_controller.o ABSOLUTE
    ..\Core\Src\follow_para.c                0x00000000   Number         0  follow_para.o ABSOLUTE
    ..\Core\Src\gpio.c                       0x00000000   Number         0  gpio.o ABSOLUTE
    ..\Core\Src\i2c.c                        0x00000000   Number         0  i2c.o ABSOLUTE
    ..\Core\Src\main.c                       0x00000000   Number         0  main.o ABSOLUTE
    ..\Core\Src\stm32f4xx_hal_msp.c          0x00000000   Number         0  stm32f4xx_hal_msp.o ABSOLUTE
    ..\Core\Src\stm32f4xx_it.c               0x00000000   Number         0  stm32f4xx_it.o ABSOLUTE
    ..\Core\Src\system_stm32f4xx.c           0x00000000   Number         0  system_stm32f4xx.o ABSOLUTE
    ..\Core\Src\tim.c                        0x00000000   Number         0  tim.o ABSOLUTE
    ..\Core\Src\usart.c                      0x00000000   Number         0  usart.o ABSOLUTE
    ..\Drivers\STM32F4xx_HAL_Driver\Src\stm32f4xx_hal.c 0x00000000   Number         0  stm32f4xx_hal.o ABSOLUTE
    ..\Drivers\STM32F4xx_HAL_Driver\Src\stm32f4xx_hal_adc.c 0x00000000   Number         0  stm32f4xx_hal_adc.o ABSOLUTE
    ..\Drivers\STM32F4xx_HAL_Driver\Src\stm32f4xx_hal_adc_ex.c 0x00000000   Number         0  stm32f4xx_hal_adc_ex.o ABSOLUTE
    ..\Drivers\STM32F4xx_HAL_Driver\Src\stm32f4xx_hal_cortex.c 0x00000000   Number         0  stm32f4xx_hal_cortex.o ABSOLUTE
    ..\Drivers\STM32F4xx_HAL_Driver\Src\stm32f4xx_hal_dma.c 0x00000000   Number         0  stm32f4xx_hal_dma.o ABSOLUTE
    ..\Drivers\STM32F4xx_HAL_Driver\Src\stm32f4xx_hal_dma_ex.c 0x00000000   Number         0  stm32f4xx_hal_dma_ex.o ABSOLUTE
    ..\Drivers\STM32F4xx_HAL_Driver\Src\stm32f4xx_hal_eth.c 0x00000000   Number         0  stm32f4xx_hal_eth.o ABSOLUTE
    ..\Drivers\STM32F4xx_HAL_Driver\Src\stm32f4xx_hal_exti.c 0x00000000   Number         0  stm32f4xx_hal_exti.o ABSOLUTE
    ..\Drivers\STM32F4xx_HAL_Driver\Src\stm32f4xx_hal_flash.c 0x00000000   Number         0  stm32f4xx_hal_flash.o ABSOLUTE
    ..\Drivers\STM32F4xx_HAL_Driver\Src\stm32f4xx_hal_flash_ex.c 0x00000000   Number         0  stm32f4xx_hal_flash_ex.o ABSOLUTE
    ..\Drivers\STM32F4xx_HAL_Driver\Src\stm32f4xx_hal_flash_ramfunc.c 0x00000000   Number         0  stm32f4xx_hal_flash_ramfunc.o ABSOLUTE
    ..\Drivers\STM32F4xx_HAL_Driver\Src\stm32f4xx_hal_gpio.c 0x00000000   Number         0  stm32f4xx_hal_gpio.o ABSOLUTE
    ..\Drivers\STM32F4xx_HAL_Driver\Src\stm32f4xx_hal_i2c.c 0x00000000   Number         0  stm32f4xx_hal_i2c.o ABSOLUTE
    ..\Drivers\STM32F4xx_HAL_Driver\Src\stm32f4xx_hal_i2c_ex.c 0x00000000   Number         0  stm32f4xx_hal_i2c_ex.o ABSOLUTE
    ..\Drivers\STM32F4xx_HAL_Driver\Src\stm32f4xx_hal_pwr.c 0x00000000   Number         0  stm32f4xx_hal_pwr.o ABSOLUTE
    ..\Drivers\STM32F4xx_HAL_Driver\Src\stm32f4xx_hal_pwr_ex.c 0x00000000   Number         0  stm32f4xx_hal_pwr_ex.o ABSOLUTE
    ..\Drivers\STM32F4xx_HAL_Driver\Src\stm32f4xx_hal_rcc.c 0x00000000   Number         0  stm32f4xx_hal_rcc.o ABSOLUTE
    ..\Drivers\STM32F4xx_HAL_Driver\Src\stm32f4xx_hal_rcc_ex.c 0x00000000   Number         0  stm32f4xx_hal_rcc_ex.o ABSOLUTE
    ..\Drivers\STM32F4xx_HAL_Driver\Src\stm32f4xx_hal_tim.c 0x00000000   Number         0  stm32f4xx_hal_tim.o ABSOLUTE
    ..\Drivers\STM32F4xx_HAL_Driver\Src\stm32f4xx_hal_tim_ex.c 0x00000000   Number         0  stm32f4xx_hal_tim_ex.o ABSOLUTE
    ..\Drivers\STM32F4xx_HAL_Driver\Src\stm32f4xx_hal_uart.c 0x00000000   Number         0  stm32f4xx_hal_uart.o ABSOLUTE
    ..\Ethercat\osal\osal.c                  0x00000000   Number         0  osal.o ABSOLUTE
    ..\Ethercat\oshw\nicdrv.c                0x00000000   Number         0  nicdrv.o ABSOLUTE
    ..\Ethercat\oshw\oshw.c                  0x00000000   Number         0  oshw.o ABSOLUTE
    ..\Ethercat\soem\ethercatbase.c          0x00000000   Number         0  ethercatbase.o ABSOLUTE
    ..\Ethercat\soem\ethercatcoe.c           0x00000000   Number         0  ethercatcoe.o ABSOLUTE
    ..\Ethercat\soem\ethercatconfig.c        0x00000000   Number         0  ethercatconfig.o ABSOLUTE
    ..\Ethercat\soem\ethercatdc.c            0x00000000   Number         0  ethercatdc.o ABSOLUTE
    ..\Ethercat\soem\ethercatfoe.c           0x00000000   Number         0  ethercatfoe.o ABSOLUTE
    ..\Ethercat\soem\ethercatmain.c          0x00000000   Number         0  ethercatmain.o ABSOLUTE
    ..\Ethercat\soem\ethercatprint.c         0x00000000   Number         0  ethercatprint.o ABSOLUTE
    ..\Ethercat\soem\ethercatsoe.c           0x00000000   Number         0  ethercatsoe.o ABSOLUTE
    ..\\Core\\Src\\follow_controller.c       0x00000000   Number         0  follow_controller.o ABSOLUTE
    ..\\Core\\Src\\follow_para.c             0x00000000   Number         0  follow_para.o ABSOLUTE
    ..\\Ethercat\\osal\\osal.c               0x00000000   Number         0  osal.o ABSOLUTE
    ..\\Ethercat\\oshw\\nicdrv.c             0x00000000   Number         0  nicdrv.o ABSOLUTE
    ..\\Ethercat\\oshw\\oshw.c               0x00000000   Number         0  oshw.o ABSOLUTE
    ..\\Ethercat\\soem\\ethercatbase.c       0x00000000   Number         0  ethercatbase.o ABSOLUTE
    ..\\Ethercat\\soem\\ethercatcoe.c        0x00000000   Number         0  ethercatcoe.o ABSOLUTE
    ..\\Ethercat\\soem\\ethercatconfig.c     0x00000000   Number         0  ethercatconfig.o ABSOLUTE
    ..\\Ethercat\\soem\\ethercatdc.c         0x00000000   Number         0  ethercatdc.o ABSOLUTE
    ..\\Ethercat\\soem\\ethercatfoe.c        0x00000000   Number         0  ethercatfoe.o ABSOLUTE
    ..\\Ethercat\\soem\\ethercatmain.c       0x00000000   Number         0  ethercatmain.o ABSOLUTE
    ..\\Ethercat\\soem\\ethercatprint.c      0x00000000   Number         0  ethercatprint.o ABSOLUTE
    ..\\Ethercat\\soem\\ethercatsoe.c        0x00000000   Number         0  ethercatsoe.o ABSOLUTE
    ..\\bsp\\src\\bsp_GeneralTIM.c           0x00000000   Number         0  bsp_generaltim.o ABSOLUTE
    ..\\bsp\\src\\bsp_debug_usart.c          0x00000000   Number         0  bsp_debug_usart.o ABSOLUTE
    ..\\bsp\\src\\bsp_led.c                  0x00000000   Number         0  bsp_led.o ABSOLUTE
    ..\\bsp\\src\\bsp_pc_usart.c             0x00000000   Number         0  bsp_pc_usart.o ABSOLUTE
    ..\\bsp\\src\\ethernetif.c               0x00000000   Number         0  ethernetif.o ABSOLUTE
    ..\\bsp\\src\\lan8720.c                  0x00000000   Number         0  lan8720.o ABSOLUTE
    ..\\bsp\\src\\soem.c                     0x00000000   Number         0  soem.o ABSOLUTE
    ..\bsp\src\bsp_GeneralTIM.c              0x00000000   Number         0  bsp_generaltim.o ABSOLUTE
    ..\bsp\src\bsp_debug_usart.c             0x00000000   Number         0  bsp_debug_usart.o ABSOLUTE
    ..\bsp\src\bsp_led.c                     0x00000000   Number         0  bsp_led.o ABSOLUTE
    ..\bsp\src\bsp_pc_usart.c                0x00000000   Number         0  bsp_pc_usart.o ABSOLUTE
    ..\bsp\src\ethernetif.c                  0x00000000   Number         0  ethernetif.o ABSOLUTE
    ..\bsp\src\lan8720.c                     0x00000000   Number         0  lan8720.o ABSOLUTE
    ..\bsp\src\soem.c                        0x00000000   Number         0  soem.o ABSOLUTE
    cdrcmple.s                               0x00000000   Number         0  cdrcmple.o ABSOLUTE
    dc.s                                     0x00000000   Number         0  dc.o ABSOLUTE
    handlers.s                               0x00000000   Number         0  handlers.o ABSOLUTE
    init.s                                   0x00000000   Number         0  init.o ABSOLUTE
    startup_stm32f407xx.s                    0x00000000   Number         0  startup_stm32f407xx.o ABSOLUTE
    RESET                                    0x08000000   Section      392  startup_stm32f407xx.o(RESET)
    .ARM.Collect$$$$00000000                 0x08000188   Section        0  entry.o(.ARM.Collect$$$$00000000)
    .ARM.Collect$$$$00000001                 0x08000188   Section        4  entry2.o(.ARM.Collect$$$$00000001)
    .ARM.Collect$$$$00000004                 0x0800018c   Section        4  entry5.o(.ARM.Collect$$$$00000004)
    .ARM.Collect$$$$00000008                 0x08000190   Section        0  entry7b.o(.ARM.Collect$$$$00000008)
    .ARM.Collect$$$$0000000A                 0x08000190   Section        0  entry8b.o(.ARM.Collect$$$$0000000A)
    .ARM.Collect$$$$0000000B                 0x08000190   Section        8  entry9a.o(.ARM.Collect$$$$0000000B)
    .ARM.Collect$$$$0000000D                 0x08000198   Section        0  entry10a.o(.ARM.Collect$$$$0000000D)
    .ARM.Collect$$$$0000000F                 0x08000198   Section        0  entry11a.o(.ARM.Collect$$$$0000000F)
    .ARM.Collect$$$$00002712                 0x08000198   Section        4  entry2.o(.ARM.Collect$$$$00002712)
    __lit__00000000                          0x08000198   Data           4  entry2.o(.ARM.Collect$$$$00002712)
    .text                                    0x0800019c   Section       36  startup_stm32f407xx.o(.text)
    $v0                                      0x0800019c   Number         0  startup_stm32f407xx.o(.text)
    .text                                    0x080001c0   Section        0  uldiv.o(.text)
    .text                                    0x08000222   Section        0  memcpya.o(.text)
    .text                                    0x08000246   Section        0  memseta.o(.text)
    .text                                    0x0800026a   Section        0  dadd.o(.text)
    .text                                    0x080003b8   Section        0  ddiv.o(.text)
    .text                                    0x08000496   Section        0  uidiv.o(.text)
    .text                                    0x080004c2   Section        0  llshl.o(.text)
    .text                                    0x080004e0   Section        0  llushr.o(.text)
    .text                                    0x08000500   Section        0  llsshr.o(.text)
    .text                                    0x08000524   Section        0  iusefp.o(.text)
    .text                                    0x08000524   Section        0  depilogue.o(.text)
    .text                                    0x080005de   Section        0  dmul.o(.text)
    .text                                    0x080006c2   Section        0  dfixul.o(.text)
    .text                                    0x080006f4   Section       48  cdrcmple.o(.text)
    .text                                    0x08000724   Section       36  init.o(.text)
    i.ADC_Init                               0x08000748   Section        0  stm32f4xx_hal_adc.o(i.ADC_Init)
    ADC_Init                                 0x08000749   Thumb Code   284  stm32f4xx_hal_adc.o(i.ADC_Init)
    i.BusFault_Handler                       0x08000870   Section        0  stm32f4xx_it.o(i.BusFault_Handler)
    i.DMA1_Stream2_IRQHandler                0x08000874   Section        0  stm32f4xx_it.o(i.DMA1_Stream2_IRQHandler)
    i.DMA1_Stream4_IRQHandler                0x08000880   Section        0  stm32f4xx_it.o(i.DMA1_Stream4_IRQHandler)
    i.DMA2_Stream0_IRQHandler                0x0800088c   Section        0  stm32f4xx_it.o(i.DMA2_Stream0_IRQHandler)
    i.DMA2_Stream1_IRQHandler                0x08000898   Section        0  stm32f4xx_it.o(i.DMA2_Stream1_IRQHandler)
    i.DMA2_Stream6_IRQHandler                0x080008a4   Section        0  stm32f4xx_it.o(i.DMA2_Stream6_IRQHandler)
    i.DMA_CalcBaseAndBitshift                0x080008b0   Section        0  stm32f4xx_hal_dma.o(i.DMA_CalcBaseAndBitshift)
    DMA_CalcBaseAndBitshift                  0x080008b1   Thumb Code    34  stm32f4xx_hal_dma.o(i.DMA_CalcBaseAndBitshift)
    i.DMA_CheckFifoParam                     0x080008d8   Section        0  stm32f4xx_hal_dma.o(i.DMA_CheckFifoParam)
    DMA_CheckFifoParam                       0x080008d9   Thumb Code    84  stm32f4xx_hal_dma.o(i.DMA_CheckFifoParam)
    i.DMA_SetConfig                          0x0800092c   Section        0  stm32f4xx_hal_dma.o(i.DMA_SetConfig)
    DMA_SetConfig                            0x0800092d   Thumb Code    40  stm32f4xx_hal_dma.o(i.DMA_SetConfig)
    i.DebugMon_Handler                       0x08000954   Section        0  stm32f4xx_it.o(i.DebugMon_Handler)
    i.ETH_IRQHandler                         0x08000958   Section        0  stm32f4xx_it.o(i.ETH_IRQHandler)
    i.Error_Handler                          0x08000964   Section        0  main.o(i.Error_Handler)
    i.FollowController_Get                   0x08000968   Section        0  follow_controller.o(i.FollowController_Get)
    i.FollowController_Init                  0x08000970   Section        0  follow_controller.o(i.FollowController_Init)
    i.FollowController_OnStep                0x08000982   Section        0  follow_controller.o(i.FollowController_OnStep)
    i.FollowController_Reset                 0x0800098c   Section        0  follow_controller.o(i.FollowController_Reset)
    i.HAL_ADC_ConfigChannel                  0x080009c0   Section        0  stm32f4xx_hal_adc.o(i.HAL_ADC_ConfigChannel)
    i.HAL_ADC_Init                           0x08000b0c   Section        0  stm32f4xx_hal_adc.o(i.HAL_ADC_Init)
    i.HAL_ADC_MspInit                        0x08000b60   Section        0  adc.o(i.HAL_ADC_MspInit)
    i.HAL_DMA_Abort                          0x08000bfc   Section        0  stm32f4xx_hal_dma.o(i.HAL_DMA_Abort)
    i.HAL_DMA_Abort_IT                       0x08000c8a   Section        0  stm32f4xx_hal_dma.o(i.HAL_DMA_Abort_IT)
    i.HAL_DMA_IRQHandler                     0x08000cb0   Section        0  stm32f4xx_hal_dma.o(i.HAL_DMA_IRQHandler)
    i.HAL_DMA_Init                           0x08000e50   Section        0  stm32f4xx_hal_dma.o(i.HAL_DMA_Init)
    i.HAL_DMA_Start_IT                       0x08000f24   Section        0  stm32f4xx_hal_dma.o(i.HAL_DMA_Start_IT)
    i.HAL_ETH_ErrorCallback                  0x08000f92   Section        0  stm32f4xx_hal_eth.o(i.HAL_ETH_ErrorCallback)
    i.HAL_ETH_IRQHandler                     0x08000f94   Section        0  stm32f4xx_hal_eth.o(i.HAL_ETH_IRQHandler)
    i.HAL_ETH_RxCpltCallback                 0x08001010   Section        0  ethernetif.o(i.HAL_ETH_RxCpltCallback)
    i.HAL_ETH_TxCpltCallback                 0x08001024   Section        0  ethernetif.o(i.HAL_ETH_TxCpltCallback)
    i.HAL_GPIO_Init                          0x08001028   Section        0  stm32f4xx_hal_gpio.o(i.HAL_GPIO_Init)
    i.HAL_GPIO_WritePin                      0x08001214   Section        0  stm32f4xx_hal_gpio.o(i.HAL_GPIO_WritePin)
    i.HAL_GetTick                            0x08001220   Section        0  stm32f4xx_hal.o(i.HAL_GetTick)
    i.HAL_I2C_Init                           0x0800122c   Section        0  stm32f4xx_hal_i2c.o(i.HAL_I2C_Init)
    i.HAL_I2C_MspInit                        0x080013b4   Section        0  i2c.o(i.HAL_I2C_MspInit)
    i.HAL_IncTick                            0x0800141c   Section        0  stm32f4xx_hal.o(i.HAL_IncTick)
    i.HAL_Init                               0x0800142c   Section        0  stm32f4xx_hal.o(i.HAL_Init)
    i.HAL_InitTick                           0x08001460   Section        0  stm32f4xx_hal.o(i.HAL_InitTick)
    i.HAL_MspInit                            0x080014a0   Section        0  stm32f4xx_hal_msp.o(i.HAL_MspInit)
    i.HAL_NVIC_EnableIRQ                     0x080014d0   Section        0  stm32f4xx_hal_cortex.o(i.HAL_NVIC_EnableIRQ)
    i.HAL_NVIC_SetPriority                   0x080014ec   Section        0  stm32f4xx_hal_cortex.o(i.HAL_NVIC_SetPriority)
    i.HAL_NVIC_SetPriorityGrouping           0x0800152c   Section        0  stm32f4xx_hal_cortex.o(i.HAL_NVIC_SetPriorityGrouping)
    i.HAL_RCC_CSSCallback                    0x08001550   Section        0  stm32f4xx_hal_rcc.o(i.HAL_RCC_CSSCallback)
    i.HAL_RCC_ClockConfig                    0x08001554   Section        0  stm32f4xx_hal_rcc.o(i.HAL_RCC_ClockConfig)
    i.HAL_RCC_EnableCSS                      0x08001688   Section        0  stm32f4xx_hal_rcc.o(i.HAL_RCC_EnableCSS)
    i.HAL_RCC_GetPCLK1Freq                   0x08001694   Section        0  stm32f4xx_hal_rcc.o(i.HAL_RCC_GetPCLK1Freq)
    i.HAL_RCC_GetPCLK2Freq                   0x080016b4   Section        0  stm32f4xx_hal_rcc.o(i.HAL_RCC_GetPCLK2Freq)
    i.HAL_RCC_GetSysClockFreq                0x080016d4   Section        0  stm32f4xx_hal_rcc.o(i.HAL_RCC_GetSysClockFreq)
    i.HAL_RCC_NMI_IRQHandler                 0x08001734   Section        0  stm32f4xx_hal_rcc.o(i.HAL_RCC_NMI_IRQHandler)
    i.HAL_RCC_OscConfig                      0x08001750   Section        0  stm32f4xx_hal_rcc.o(i.HAL_RCC_OscConfig)
    i.HAL_SYSTICK_Config                     0x08001abc   Section        0  stm32f4xx_hal_cortex.o(i.HAL_SYSTICK_Config)
    i.HAL_TIMEx_BreakCallback                0x08001ae4   Section        0  stm32f4xx_hal_tim_ex.o(i.HAL_TIMEx_BreakCallback)
    i.HAL_TIMEx_CommutCallback               0x08001ae6   Section        0  stm32f4xx_hal_tim_ex.o(i.HAL_TIMEx_CommutCallback)
    i.HAL_TIMEx_MasterConfigSynchronization  0x08001ae8   Section        0  stm32f4xx_hal_tim_ex.o(i.HAL_TIMEx_MasterConfigSynchronization)
    i.HAL_TIM_Base_Init                      0x08001b78   Section        0  stm32f4xx_hal_tim.o(i.HAL_TIM_Base_Init)
    i.HAL_TIM_Base_MspInit                   0x08001bd4   Section        0  tim.o(i.HAL_TIM_Base_MspInit)
    i.HAL_TIM_Base_Start_IT                  0x08001c40   Section        0  stm32f4xx_hal_tim.o(i.HAL_TIM_Base_Start_IT)
    i.HAL_TIM_ConfigClockSource              0x08001cc0   Section        0  stm32f4xx_hal_tim.o(i.HAL_TIM_ConfigClockSource)
    i.HAL_TIM_IC_CaptureCallback             0x08001d96   Section        0  stm32f4xx_hal_tim.o(i.HAL_TIM_IC_CaptureCallback)
    i.HAL_TIM_IRQHandler                     0x08001d98   Section        0  stm32f4xx_hal_tim.o(i.HAL_TIM_IRQHandler)
    i.HAL_TIM_OC_DelayElapsedCallback        0x08001efe   Section        0  stm32f4xx_hal_tim.o(i.HAL_TIM_OC_DelayElapsedCallback)
    i.HAL_TIM_PWM_PulseFinishedCallback      0x08001f00   Section        0  stm32f4xx_hal_tim.o(i.HAL_TIM_PWM_PulseFinishedCallback)
    i.HAL_TIM_PeriodElapsedCallback          0x08001f04   Section        0  main.o(i.HAL_TIM_PeriodElapsedCallback)
    i.HAL_TIM_SlaveConfigSynchro             0x08001f20   Section        0  stm32f4xx_hal_tim.o(i.HAL_TIM_SlaveConfigSynchro)
    i.HAL_TIM_TriggerCallback                0x08001f76   Section        0  stm32f4xx_hal_tim.o(i.HAL_TIM_TriggerCallback)
    i.HAL_UARTEx_RxEventCallback             0x08001f78   Section        0  stm32f4xx_hal_uart.o(i.HAL_UARTEx_RxEventCallback)
    i.HAL_UART_DMAStop                       0x08001f7a   Section        0  stm32f4xx_hal_uart.o(i.HAL_UART_DMAStop)
    i.HAL_UART_ErrorCallback                 0x08001fd2   Section        0  stm32f4xx_hal_uart.o(i.HAL_UART_ErrorCallback)
    i.HAL_UART_IRQHandler                    0x08001fd4   Section        0  stm32f4xx_hal_uart.o(i.HAL_UART_IRQHandler)
    i.HAL_UART_Init                          0x080021e4   Section        0  stm32f4xx_hal_uart.o(i.HAL_UART_Init)
    i.HAL_UART_MspInit                       0x08002248   Section        0  usart.o(i.HAL_UART_MspInit)
    i.HAL_UART_Receive_DMA                   0x08002410   Section        0  stm32f4xx_hal_uart.o(i.HAL_UART_Receive_DMA)
    i.HAL_UART_RxCpltCallback                0x0800243a   Section        0  stm32f4xx_hal_uart.o(i.HAL_UART_RxCpltCallback)
    i.HAL_UART_RxHalfCpltCallback            0x0800243c   Section        0  stm32f4xx_hal_uart.o(i.HAL_UART_RxHalfCpltCallback)
    i.HAL_UART_Transmit                      0x08002440   Section        0  stm32f4xx_hal_uart.o(i.HAL_UART_Transmit)
    i.HAL_UART_Transmit_DMA                  0x080024f4   Section        0  stm32f4xx_hal_uart.o(i.HAL_UART_Transmit_DMA)
    i.HAL_UART_TxCpltCallback                0x08002574   Section        0  stm32f4xx_hal_uart.o(i.HAL_UART_TxCpltCallback)
    i.HAL_UART_TxHalfCpltCallback            0x08002576   Section        0  stm32f4xx_hal_uart.o(i.HAL_UART_TxHalfCpltCallback)
    i.HardFault_Handler                      0x08002578   Section        0  stm32f4xx_it.o(i.HardFault_Handler)
    i.InitFollowParam                        0x0800257c   Section        0  follow_para.o(i.InitFollowParam)
    i.LED_GPIO_Init                          0x0800258c   Section        0  bsp_led.o(i.LED_GPIO_Init)
    i.MX_ADC3_Init                           0x080025f8   Section        0  adc.o(i.MX_ADC3_Init)
    i.MX_DMA_Init                            0x08002660   Section        0  dma.o(i.MX_DMA_Init)
    i.MX_GPIO_Init                           0x080026dc   Section        0  gpio.o(i.MX_GPIO_Init)
    i.MX_I2C2_Init                           0x0800277c   Section        0  i2c.o(i.MX_I2C2_Init)
    i.MX_TIM2_Init                           0x080027bc   Section        0  tim.o(i.MX_TIM2_Init)
    i.MX_TIM3_Init                           0x08002828   Section        0  tim.o(i.MX_TIM3_Init)
    i.MX_TIM4_Init                           0x08002890   Section        0  tim.o(i.MX_TIM4_Init)
    i.MX_UART4_Init                          0x080028f8   Section        0  usart.o(i.MX_UART4_Init)
    i.MX_USART6_UART_Init                    0x08002930   Section        0  usart.o(i.MX_USART6_UART_Init)
    i.MemManage_Handler                      0x08002968   Section        0  stm32f4xx_it.o(i.MemManage_Handler)
    i.NMI_Handler                            0x0800296a   Section        0  stm32f4xx_it.o(i.NMI_Handler)
    i.OnControl                              0x08002970   Section        0  follow_controller.o(i.OnControl)
    OnControl                                0x08002971   Thumb Code   158  follow_controller.o(i.OnControl)
    i.PendSV_Handler                         0x08002a18   Section        0  stm32f4xx_it.o(i.PendSV_Handler)
    i.SVC_Handler                            0x08002a1a   Section        0  stm32f4xx_it.o(i.SVC_Handler)
    i.SysTick_Handler                        0x08002a1c   Section        0  stm32f4xx_it.o(i.SysTick_Handler)
    i.SystemClock_Config                     0x08002a20   Section        0  main.o(i.SystemClock_Config)
    i.SystemInit                             0x08002ab8   Section        0  system_stm32f4xx.o(i.SystemInit)
    i.TIM4_IRQHandler                        0x08002ac8   Section        0  stm32f4xx_it.o(i.TIM4_IRQHandler)
    i.TIM_Base_SetConfig                     0x08002ad4   Section        0  stm32f4xx_hal_tim.o(i.TIM_Base_SetConfig)
    i.TIM_ETR_SetConfig                      0x08002b9c   Section        0  stm32f4xx_hal_tim.o(i.TIM_ETR_SetConfig)
    i.TIM_ITRx_SetConfig                     0x08002bb0   Section        0  stm32f4xx_hal_tim.o(i.TIM_ITRx_SetConfig)
    TIM_ITRx_SetConfig                       0x08002bb1   Thumb Code    16  stm32f4xx_hal_tim.o(i.TIM_ITRx_SetConfig)
    i.TIM_SlaveTimer_SetConfig               0x08002bc0   Section        0  stm32f4xx_hal_tim.o(i.TIM_SlaveTimer_SetConfig)
    TIM_SlaveTimer_SetConfig                 0x08002bc1   Thumb Code   134  stm32f4xx_hal_tim.o(i.TIM_SlaveTimer_SetConfig)
    i.TIM_TI1_ConfigInputStage               0x08002c46   Section        0  stm32f4xx_hal_tim.o(i.TIM_TI1_ConfigInputStage)
    TIM_TI1_ConfigInputStage                 0x08002c47   Thumb Code    34  stm32f4xx_hal_tim.o(i.TIM_TI1_ConfigInputStage)
    i.TIM_TI2_ConfigInputStage               0x08002c68   Section        0  stm32f4xx_hal_tim.o(i.TIM_TI2_ConfigInputStage)
    TIM_TI2_ConfigInputStage                 0x08002c69   Thumb Code    36  stm32f4xx_hal_tim.o(i.TIM_TI2_ConfigInputStage)
    i.UART4_IRQHandler                       0x08002c8c   Section        0  stm32f4xx_it.o(i.UART4_IRQHandler)
    i.UART_DMAAbortOnError                   0x08002ca0   Section        0  stm32f4xx_hal_uart.o(i.UART_DMAAbortOnError)
    UART_DMAAbortOnError                     0x08002ca1   Thumb Code    16  stm32f4xx_hal_uart.o(i.UART_DMAAbortOnError)
    i.UART_DMAError                          0x08002cb0   Section        0  stm32f4xx_hal_uart.o(i.UART_DMAError)
    UART_DMAError                            0x08002cb1   Thumb Code    74  stm32f4xx_hal_uart.o(i.UART_DMAError)
    i.UART_DMAReceiveCplt                    0x08002cfa   Section        0  stm32f4xx_hal_uart.o(i.UART_DMAReceiveCplt)
    UART_DMAReceiveCplt                      0x08002cfb   Thumb Code    90  stm32f4xx_hal_uart.o(i.UART_DMAReceiveCplt)
    i.UART_DMARxHalfCplt                     0x08002d54   Section        0  stm32f4xx_hal_uart.o(i.UART_DMARxHalfCplt)
    UART_DMARxHalfCplt                       0x08002d55   Thumb Code    26  stm32f4xx_hal_uart.o(i.UART_DMARxHalfCplt)
    i.UART_DMATransmitCplt                   0x08002d6e   Section        0  stm32f4xx_hal_uart.o(i.UART_DMATransmitCplt)
    UART_DMATransmitCplt                     0x08002d6f   Thumb Code    46  stm32f4xx_hal_uart.o(i.UART_DMATransmitCplt)
    i.UART_DMATxHalfCplt                     0x08002d9c   Section        0  stm32f4xx_hal_uart.o(i.UART_DMATxHalfCplt)
    UART_DMATxHalfCplt                       0x08002d9d   Thumb Code    10  stm32f4xx_hal_uart.o(i.UART_DMATxHalfCplt)
    i.UART_EndRxTransfer                     0x08002da6   Section        0  stm32f4xx_hal_uart.o(i.UART_EndRxTransfer)
    UART_EndRxTransfer                       0x08002da7   Thumb Code    48  stm32f4xx_hal_uart.o(i.UART_EndRxTransfer)
    i.UART_EndTxTransfer                     0x08002dd6   Section        0  stm32f4xx_hal_uart.o(i.UART_EndTxTransfer)
    UART_EndTxTransfer                       0x08002dd7   Thumb Code    18  stm32f4xx_hal_uart.o(i.UART_EndTxTransfer)
    i.UART_Receive_IT                        0x08002de8   Section        0  stm32f4xx_hal_uart.o(i.UART_Receive_IT)
    UART_Receive_IT                          0x08002de9   Thumb Code   174  stm32f4xx_hal_uart.o(i.UART_Receive_IT)
    i.UART_SetConfig                         0x08002e98   Section        0  stm32f4xx_hal_uart.o(i.UART_SetConfig)
    UART_SetConfig                           0x08002e99   Thumb Code   258  stm32f4xx_hal_uart.o(i.UART_SetConfig)
    i.UART_Start_Receive_DMA                 0x08002fa4   Section        0  stm32f4xx_hal_uart.o(i.UART_Start_Receive_DMA)
    i.UART_WaitOnFlagUntilTimeout            0x08003014   Section        0  stm32f4xx_hal_uart.o(i.UART_WaitOnFlagUntilTimeout)
    UART_WaitOnFlagUntilTimeout              0x08003015   Thumb Code   100  stm32f4xx_hal_uart.o(i.UART_WaitOnFlagUntilTimeout)
    i.USART6_IRQHandler                      0x08003078   Section        0  stm32f4xx_it.o(i.USART6_IRQHandler)
    i.UsageFault_Handler                     0x08003084   Section        0  stm32f4xx_it.o(i.UsageFault_Handler)
    i.__0printf                              0x08003088   Section        0  printfa.o(i.__0printf)
    i.__NVIC_SetPriority                     0x080030a8   Section        0  stm32f4xx_hal_cortex.o(i.__NVIC_SetPriority)
    __NVIC_SetPriority                       0x080030a9   Thumb Code    32  stm32f4xx_hal_cortex.o(i.__NVIC_SetPriority)
    i.__scatterload_copy                     0x080030c8   Section       14  handlers.o(i.__scatterload_copy)
    i.__scatterload_null                     0x080030d6   Section        2  handlers.o(i.__scatterload_null)
    i.__scatterload_zeroinit                 0x080030d8   Section       14  handlers.o(i.__scatterload_zeroinit)
    i._fp_digits                             0x080030e8   Section        0  printfa.o(i._fp_digits)
    _fp_digits                               0x080030e9   Thumb Code   366  printfa.o(i._fp_digits)
    i._printf_core                           0x0800326c   Section        0  printfa.o(i._printf_core)
    _printf_core                             0x0800326d   Thumb Code  1744  printfa.o(i._printf_core)
    i._printf_post_padding                   0x08003948   Section        0  printfa.o(i._printf_post_padding)
    _printf_post_padding                     0x08003949   Thumb Code    36  printfa.o(i._printf_post_padding)
    i._printf_pre_padding                    0x0800396c   Section        0  printfa.o(i._printf_pre_padding)
    _printf_pre_padding                      0x0800396d   Thumb Code    46  printfa.o(i._printf_pre_padding)
    i.bsp_pc_usart_Analysis_function         0x0800399c   Section        0  bsp_pc_usart.o(i.bsp_pc_usart_Analysis_function)
    i.bsp_pc_usart_Send_function             0x080039cc   Section        0  bsp_pc_usart.o(i.bsp_pc_usart_Send_function)
    i.bsp_pc_usart_init                      0x08003a08   Section        0  bsp_pc_usart.o(i.bsp_pc_usart_init)
    i.bsp_pc_usart_isr                       0x08003a28   Section        0  bsp_pc_usart.o(i.bsp_pc_usart_isr)
    i.fputc                                  0x08003a7c   Section        0  bsp_debug_usart.o(i.fputc)
    i.main                                   0x08003a94   Section        0  main.o(i.main)
    .constdata                               0x08003adc   Section        8  stm32f4xx_hal_dma.o(.constdata)
    flagBitshiftOffset                       0x08003adc   Data           8  stm32f4xx_hal_dma.o(.constdata)
    .constdata                               0x08003ae4   Section       16  system_stm32f4xx.o(.constdata)
    .constdata                               0x08003af4   Section        8  system_stm32f4xx.o(.constdata)
    .data                                    0x20000000   Section        4  follow_controller.o(.data)
    testCount                                0x20000000   Data           4  follow_controller.o(.data)
    .data                                    0x20000004   Section       12  stm32f4xx_hal.o(.data)
    .data                                    0x20000010   Section        4  system_stm32f4xx.o(.data)
    .data                                    0x20000014   Section        4  stdout.o(.data)
    .bss                                     0x20000018   Section      168  adc.o(.bss)
    .bss                                     0x200000c0   Section       84  i2c.o(.bss)
    .bss                                     0x20000114   Section      216  tim.o(.bss)
    .bss                                     0x200001ec   Section      520  usart.o(.bss)
    .bss                                     0x200003f4   Section       68  follow_para.o(.bss)
    .bss                                     0x20000438   Section       40  follow_controller.o(.bss)
    .bss                                     0x20000460   Section    12520  ethernetif.o(.bss)
    .bss                                     0x20003548   Section      516  bsp_pc_usart.o(.bss)
    Uart1_Str                                0x20003548   Data         516  bsp_pc_usart.o(.bss)
    STACK                                    0x20003750   Section     4096  startup_stm32f407xx.o(STACK)

    Global Symbols

    Symbol Name                              Value     Ov Type        Size  Object(Section)

    BuildAttributes$$THM_ISAv4$E$P$D$K$B$S$7EM$VFPi3$EXTD16$VFPS$VFMA$PE$A:L22UL41UL21$X:L11$S22US41US21$IEEE1$IW$USESV6$~STKCKD$USESV7$~SHL$OSPACE$ROPI$EBA8$MICROLIB$REQ8$PRES8$EABIv2 0x00000000   Number         0  anon$$obj.o ABSOLUTE
    __ARM_use_no_argv                        0x00000000   Number         0  main.o ABSOLUTE
    _printf_a                                0x00000000   Number         0  stubs.o ABSOLUTE
    _printf_c                                0x00000000   Number         0  stubs.o ABSOLUTE
    _printf_charcount                        0x00000000   Number         0  stubs.o ABSOLUTE
    _printf_d                                0x00000000   Number         0  stubs.o ABSOLUTE
    _printf_e                                0x00000000   Number         0  stubs.o ABSOLUTE
    _printf_f                                0x00000000   Number         0  stubs.o ABSOLUTE
    _printf_flags                            0x00000000   Number         0  stubs.o ABSOLUTE
    _printf_fp_dec                           0x00000000   Number         0  stubs.o ABSOLUTE
    _printf_fp_hex                           0x00000000   Number         0  stubs.o ABSOLUTE
    _printf_g                                0x00000000   Number         0  stubs.o ABSOLUTE
    _printf_i                                0x00000000   Number         0  stubs.o ABSOLUTE
    _printf_int_dec                          0x00000000   Number         0  stubs.o ABSOLUTE
    _printf_l                                0x00000000   Number         0  stubs.o ABSOLUTE
    _printf_lc                               0x00000000   Number         0  stubs.o ABSOLUTE
    _printf_ll                               0x00000000   Number         0  stubs.o ABSOLUTE
    _printf_lld                              0x00000000   Number         0  stubs.o ABSOLUTE
    _printf_lli                              0x00000000   Number         0  stubs.o ABSOLUTE
    _printf_llo                              0x00000000   Number         0  stubs.o ABSOLUTE
    _printf_llu                              0x00000000   Number         0  stubs.o ABSOLUTE
    _printf_llx                              0x00000000   Number         0  stubs.o ABSOLUTE
    _printf_longlong_dec                     0x00000000   Number         0  stubs.o ABSOLUTE
    _printf_longlong_hex                     0x00000000   Number         0  stubs.o ABSOLUTE
    _printf_longlong_oct                     0x00000000   Number         0  stubs.o ABSOLUTE
    _printf_ls                               0x00000000   Number         0  stubs.o ABSOLUTE
    _printf_mbtowc                           0x00000000   Number         0  stubs.o ABSOLUTE
    _printf_n                                0x00000000   Number         0  stubs.o ABSOLUTE
    _printf_o                                0x00000000   Number         0  stubs.o ABSOLUTE
    _printf_p                                0x00000000   Number         0  stubs.o ABSOLUTE
    _printf_percent                          0x00000000   Number         0  stubs.o ABSOLUTE
    _printf_pre_padding                      0x00000000   Number         0  stubs.o ABSOLUTE
    _printf_return_value                     0x00000000   Number         0  stubs.o ABSOLUTE
    _printf_s                                0x00000000   Number         0  stubs.o ABSOLUTE
    _printf_sizespec                         0x00000000   Number         0  stubs.o ABSOLUTE
    _printf_str                              0x00000000   Number         0  stubs.o ABSOLUTE
    _printf_truncate_signed                  0x00000000   Number         0  stubs.o ABSOLUTE
    _printf_truncate_unsigned                0x00000000   Number         0  stubs.o ABSOLUTE
    _printf_u                                0x00000000   Number         0  stubs.o ABSOLUTE
    _printf_wc                               0x00000000   Number         0  stubs.o ABSOLUTE
    _printf_wctomb                           0x00000000   Number         0  stubs.o ABSOLUTE
    _printf_widthprec                        0x00000000   Number         0  stubs.o ABSOLUTE
    _printf_x                                0x00000000   Number         0  stubs.o ABSOLUTE
    __cpp_initialize__aeabi_                  - Undefined Weak Reference
    __cxa_finalize                            - Undefined Weak Reference
    __decompress                              - Undefined Weak Reference
    _clock_init                               - Undefined Weak Reference
    _microlib_exit                            - Undefined Weak Reference
    __Vectors_Size                           0x00000188   Number         0  startup_stm32f407xx.o ABSOLUTE
    __Vectors                                0x08000000   Data           4  startup_stm32f407xx.o(RESET)
    __Vectors_End                            0x08000188   Data           0  startup_stm32f407xx.o(RESET)
    __main                                   0x08000189   Thumb Code     0  entry.o(.ARM.Collect$$$$00000000)
    _main_stk                                0x08000189   Thumb Code     0  entry2.o(.ARM.Collect$$$$00000001)
    _main_scatterload                        0x0800018d   Thumb Code     0  entry5.o(.ARM.Collect$$$$00000004)
    __main_after_scatterload                 0x08000191   Thumb Code     0  entry5.o(.ARM.Collect$$$$00000004)
    _main_clock                              0x08000191   Thumb Code     0  entry7b.o(.ARM.Collect$$$$00000008)
    _main_cpp_init                           0x08000191   Thumb Code     0  entry8b.o(.ARM.Collect$$$$0000000A)
    _main_init                               0x08000191   Thumb Code     0  entry9a.o(.ARM.Collect$$$$0000000B)
    __rt_final_cpp                           0x08000199   Thumb Code     0  entry10a.o(.ARM.Collect$$$$0000000D)
    __rt_final_exit                          0x08000199   Thumb Code     0  entry11a.o(.ARM.Collect$$$$0000000F)
    Reset_Handler                            0x0800019d   Thumb Code     8  startup_stm32f407xx.o(.text)
    ADC_IRQHandler                           0x080001b7   Thumb Code     0  startup_stm32f407xx.o(.text)
    CAN1_RX0_IRQHandler                      0x080001b7   Thumb Code     0  startup_stm32f407xx.o(.text)
    CAN1_RX1_IRQHandler                      0x080001b7   Thumb Code     0  startup_stm32f407xx.o(.text)
    CAN1_SCE_IRQHandler                      0x080001b7   Thumb Code     0  startup_stm32f407xx.o(.text)
    CAN1_TX_IRQHandler                       0x080001b7   Thumb Code     0  startup_stm32f407xx.o(.text)
    CAN2_RX0_IRQHandler                      0x080001b7   Thumb Code     0  startup_stm32f407xx.o(.text)
    CAN2_RX1_IRQHandler                      0x080001b7   Thumb Code     0  startup_stm32f407xx.o(.text)
    CAN2_SCE_IRQHandler                      0x080001b7   Thumb Code     0  startup_stm32f407xx.o(.text)
    CAN2_TX_IRQHandler                       0x080001b7   Thumb Code     0  startup_stm32f407xx.o(.text)
    DCMI_IRQHandler                          0x080001b7   Thumb Code     0  startup_stm32f407xx.o(.text)
    DMA1_Stream0_IRQHandler                  0x080001b7   Thumb Code     0  startup_stm32f407xx.o(.text)
    DMA1_Stream1_IRQHandler                  0x080001b7   Thumb Code     0  startup_stm32f407xx.o(.text)
    DMA1_Stream3_IRQHandler                  0x080001b7   Thumb Code     0  startup_stm32f407xx.o(.text)
    DMA1_Stream5_IRQHandler                  0x080001b7   Thumb Code     0  startup_stm32f407xx.o(.text)
    DMA1_Stream6_IRQHandler                  0x080001b7   Thumb Code     0  startup_stm32f407xx.o(.text)
    DMA1_Stream7_IRQHandler                  0x080001b7   Thumb Code     0  startup_stm32f407xx.o(.text)
    DMA2_Stream2_IRQHandler                  0x080001b7   Thumb Code     0  startup_stm32f407xx.o(.text)
    DMA2_Stream3_IRQHandler                  0x080001b7   Thumb Code     0  startup_stm32f407xx.o(.text)
    DMA2_Stream4_IRQHandler                  0x080001b7   Thumb Code     0  startup_stm32f407xx.o(.text)
    DMA2_Stream5_IRQHandler                  0x080001b7   Thumb Code     0  startup_stm32f407xx.o(.text)
    DMA2_Stream7_IRQHandler                  0x080001b7   Thumb Code     0  startup_stm32f407xx.o(.text)
    ETH_WKUP_IRQHandler                      0x080001b7   Thumb Code     0  startup_stm32f407xx.o(.text)
    EXTI0_IRQHandler                         0x080001b7   Thumb Code     0  startup_stm32f407xx.o(.text)
    EXTI15_10_IRQHandler                     0x080001b7   Thumb Code     0  startup_stm32f407xx.o(.text)
    EXTI1_IRQHandler                         0x080001b7   Thumb Code     0  startup_stm32f407xx.o(.text)
    EXTI2_IRQHandler                         0x080001b7   Thumb Code     0  startup_stm32f407xx.o(.text)
    EXTI3_IRQHandler                         0x080001b7   Thumb Code     0  startup_stm32f407xx.o(.text)
    EXTI4_IRQHandler                         0x080001b7   Thumb Code     0  startup_stm32f407xx.o(.text)
    EXTI9_5_IRQHandler                       0x080001b7   Thumb Code     0  startup_stm32f407xx.o(.text)
    FLASH_IRQHandler                         0x080001b7   Thumb Code     0  startup_stm32f407xx.o(.text)
    FMC_IRQHandler                           0x080001b7   Thumb Code     0  startup_stm32f407xx.o(.text)
    FPU_IRQHandler                           0x080001b7   Thumb Code     0  startup_stm32f407xx.o(.text)
    HASH_RNG_IRQHandler                      0x080001b7   Thumb Code     0  startup_stm32f407xx.o(.text)
    I2C1_ER_IRQHandler                       0x080001b7   Thumb Code     0  startup_stm32f407xx.o(.text)
    I2C1_EV_IRQHandler                       0x080001b7   Thumb Code     0  startup_stm32f407xx.o(.text)
    I2C2_ER_IRQHandler                       0x080001b7   Thumb Code     0  startup_stm32f407xx.o(.text)
    I2C2_EV_IRQHandler                       0x080001b7   Thumb Code     0  startup_stm32f407xx.o(.text)
    I2C3_ER_IRQHandler                       0x080001b7   Thumb Code     0  startup_stm32f407xx.o(.text)
    I2C3_EV_IRQHandler                       0x080001b7   Thumb Code     0  startup_stm32f407xx.o(.text)
    OTG_FS_IRQHandler                        0x080001b7   Thumb Code     0  startup_stm32f407xx.o(.text)
    OTG_FS_WKUP_IRQHandler                   0x080001b7   Thumb Code     0  startup_stm32f407xx.o(.text)
    OTG_HS_EP1_IN_IRQHandler                 0x080001b7   Thumb Code     0  startup_stm32f407xx.o(.text)
    OTG_HS_EP1_OUT_IRQHandler                0x080001b7   Thumb Code     0  startup_stm32f407xx.o(.text)
    OTG_HS_IRQHandler                        0x080001b7   Thumb Code     0  startup_stm32f407xx.o(.text)
    OTG_HS_WKUP_IRQHandler                   0x080001b7   Thumb Code     0  startup_stm32f407xx.o(.text)
    PVD_IRQHandler                           0x080001b7   Thumb Code     0  startup_stm32f407xx.o(.text)
    RCC_IRQHandler                           0x080001b7   Thumb Code     0  startup_stm32f407xx.o(.text)
    RTC_Alarm_IRQHandler                     0x080001b7   Thumb Code     0  startup_stm32f407xx.o(.text)
    RTC_WKUP_IRQHandler                      0x080001b7   Thumb Code     0  startup_stm32f407xx.o(.text)
    SDIO_IRQHandler                          0x080001b7   Thumb Code     0  startup_stm32f407xx.o(.text)
    SPI1_IRQHandler                          0x080001b7   Thumb Code     0  startup_stm32f407xx.o(.text)
    SPI2_IRQHandler                          0x080001b7   Thumb Code     0  startup_stm32f407xx.o(.text)
    SPI3_IRQHandler                          0x080001b7   Thumb Code     0  startup_stm32f407xx.o(.text)
    TAMP_STAMP_IRQHandler                    0x080001b7   Thumb Code     0  startup_stm32f407xx.o(.text)
    TIM1_BRK_TIM9_IRQHandler                 0x080001b7   Thumb Code     0  startup_stm32f407xx.o(.text)
    TIM1_CC_IRQHandler                       0x080001b7   Thumb Code     0  startup_stm32f407xx.o(.text)
    TIM1_TRG_COM_TIM11_IRQHandler            0x080001b7   Thumb Code     0  startup_stm32f407xx.o(.text)
    TIM1_UP_TIM10_IRQHandler                 0x080001b7   Thumb Code     0  startup_stm32f407xx.o(.text)
    TIM2_IRQHandler                          0x080001b7   Thumb Code     0  startup_stm32f407xx.o(.text)
    TIM3_IRQHandler                          0x080001b7   Thumb Code     0  startup_stm32f407xx.o(.text)
    TIM5_IRQHandler                          0x080001b7   Thumb Code     0  startup_stm32f407xx.o(.text)
    TIM6_DAC_IRQHandler                      0x080001b7   Thumb Code     0  startup_stm32f407xx.o(.text)
    TIM7_IRQHandler                          0x080001b7   Thumb Code     0  startup_stm32f407xx.o(.text)
    TIM8_BRK_TIM12_IRQHandler                0x080001b7   Thumb Code     0  startup_stm32f407xx.o(.text)
    TIM8_CC_IRQHandler                       0x080001b7   Thumb Code     0  startup_stm32f407xx.o(.text)
    TIM8_TRG_COM_TIM14_IRQHandler            0x080001b7   Thumb Code     0  startup_stm32f407xx.o(.text)
    TIM8_UP_TIM13_IRQHandler                 0x080001b7   Thumb Code     0  startup_stm32f407xx.o(.text)
    UART5_IRQHandler                         0x080001b7   Thumb Code     0  startup_stm32f407xx.o(.text)
    USART1_IRQHandler                        0x080001b7   Thumb Code     0  startup_stm32f407xx.o(.text)
    USART2_IRQHandler                        0x080001b7   Thumb Code     0  startup_stm32f407xx.o(.text)
    USART3_IRQHandler                        0x080001b7   Thumb Code     0  startup_stm32f407xx.o(.text)
    WWDG_IRQHandler                          0x080001b7   Thumb Code     0  startup_stm32f407xx.o(.text)
    __aeabi_uldivmod                         0x080001c1   Thumb Code    98  uldiv.o(.text)
    __aeabi_memcpy                           0x08000223   Thumb Code    36  memcpya.o(.text)
    __aeabi_memcpy4                          0x08000223   Thumb Code     0  memcpya.o(.text)
    __aeabi_memcpy8                          0x08000223   Thumb Code     0  memcpya.o(.text)
    __aeabi_memset                           0x08000247   Thumb Code    14  memseta.o(.text)
    __aeabi_memset4                          0x08000247   Thumb Code     0  memseta.o(.text)
    __aeabi_memset8                          0x08000247   Thumb Code     0  memseta.o(.text)
    __aeabi_memclr                           0x08000255   Thumb Code     4  memseta.o(.text)
    __aeabi_memclr4                          0x08000255   Thumb Code     0  memseta.o(.text)
    __aeabi_memclr8                          0x08000255   Thumb Code     0  memseta.o(.text)
    _memset$wrapper                          0x08000259   Thumb Code    18  memseta.o(.text)
    __aeabi_dadd                             0x0800026b   Thumb Code   322  dadd.o(.text)
    __aeabi_dsub                             0x080003ad   Thumb Code     6  dadd.o(.text)
    __aeabi_drsub                            0x080003b3   Thumb Code     6  dadd.o(.text)
    __aeabi_ddiv                             0x080003b9   Thumb Code   222  ddiv.o(.text)
    __aeabi_uidiv                            0x08000497   Thumb Code     0  uidiv.o(.text)
    __aeabi_uidivmod                         0x08000497   Thumb Code    44  uidiv.o(.text)
    __aeabi_llsl                             0x080004c3   Thumb Code    30  llshl.o(.text)
    _ll_shift_l                              0x080004c3   Thumb Code     0  llshl.o(.text)
    __aeabi_llsr                             0x080004e1   Thumb Code    32  llushr.o(.text)
    _ll_ushift_r                             0x080004e1   Thumb Code     0  llushr.o(.text)
    __aeabi_lasr                             0x08000501   Thumb Code    36  llsshr.o(.text)
    _ll_sshift_r                             0x08000501   Thumb Code     0  llsshr.o(.text)
    __I$use$fp                               0x08000525   Thumb Code     0  iusefp.o(.text)
    _double_round                            0x08000525   Thumb Code    30  depilogue.o(.text)
    _double_epilogue                         0x08000543   Thumb Code   156  depilogue.o(.text)
    __aeabi_dmul                             0x080005df   Thumb Code   228  dmul.o(.text)
    __aeabi_d2ulz                            0x080006c3   Thumb Code    48  dfixul.o(.text)
    __aeabi_cdrcmple                         0x080006f5   Thumb Code    48  cdrcmple.o(.text)
    __scatterload                            0x08000725   Thumb Code    28  init.o(.text)
    __scatterload_rt2                        0x08000725   Thumb Code     0  init.o(.text)
    BusFault_Handler                         0x08000871   Thumb Code     2  stm32f4xx_it.o(i.BusFault_Handler)
    DMA1_Stream2_IRQHandler                  0x08000875   Thumb Code     6  stm32f4xx_it.o(i.DMA1_Stream2_IRQHandler)
    DMA1_Stream4_IRQHandler                  0x08000881   Thumb Code     6  stm32f4xx_it.o(i.DMA1_Stream4_IRQHandler)
    DMA2_Stream0_IRQHandler                  0x0800088d   Thumb Code     6  stm32f4xx_it.o(i.DMA2_Stream0_IRQHandler)
    DMA2_Stream1_IRQHandler                  0x08000899   Thumb Code     6  stm32f4xx_it.o(i.DMA2_Stream1_IRQHandler)
    DMA2_Stream6_IRQHandler                  0x080008a5   Thumb Code     6  stm32f4xx_it.o(i.DMA2_Stream6_IRQHandler)
    DebugMon_Handler                         0x08000955   Thumb Code     2  stm32f4xx_it.o(i.DebugMon_Handler)
    ETH_IRQHandler                           0x08000959   Thumb Code     6  stm32f4xx_it.o(i.ETH_IRQHandler)
    Error_Handler                            0x08000965   Thumb Code     4  main.o(i.Error_Handler)
    FollowController_Get                     0x08000969   Thumb Code     4  follow_controller.o(i.FollowController_Get)
    FollowController_Init                    0x08000971   Thumb Code    18  follow_controller.o(i.FollowController_Init)
    FollowController_OnStep                  0x08000983   Thumb Code    10  follow_controller.o(i.FollowController_OnStep)
    FollowController_Reset                   0x0800098d   Thumb Code    50  follow_controller.o(i.FollowController_Reset)
    HAL_ADC_ConfigChannel                    0x080009c1   Thumb Code   316  stm32f4xx_hal_adc.o(i.HAL_ADC_ConfigChannel)
    HAL_ADC_Init                             0x08000b0d   Thumb Code    84  stm32f4xx_hal_adc.o(i.HAL_ADC_Init)
    HAL_ADC_MspInit                          0x08000b61   Thumb Code   136  adc.o(i.HAL_ADC_MspInit)
    HAL_DMA_Abort                            0x08000bfd   Thumb Code   142  stm32f4xx_hal_dma.o(i.HAL_DMA_Abort)
    HAL_DMA_Abort_IT                         0x08000c8b   Thumb Code    36  stm32f4xx_hal_dma.o(i.HAL_DMA_Abort_IT)
    HAL_DMA_IRQHandler                       0x08000cb1   Thumb Code   412  stm32f4xx_hal_dma.o(i.HAL_DMA_IRQHandler)
    HAL_DMA_Init                             0x08000e51   Thumb Code   206  stm32f4xx_hal_dma.o(i.HAL_DMA_Init)
    HAL_DMA_Start_IT                         0x08000f25   Thumb Code   110  stm32f4xx_hal_dma.o(i.HAL_DMA_Start_IT)
    HAL_ETH_ErrorCallback                    0x08000f93   Thumb Code     2  stm32f4xx_hal_eth.o(i.HAL_ETH_ErrorCallback)
    HAL_ETH_IRQHandler                       0x08000f95   Thumb Code   122  stm32f4xx_hal_eth.o(i.HAL_ETH_IRQHandler)
    HAL_ETH_RxCpltCallback                   0x08001011   Thumb Code     6  ethernetif.o(i.HAL_ETH_RxCpltCallback)
    HAL_ETH_TxCpltCallback                   0x08001025   Thumb Code     2  ethernetif.o(i.HAL_ETH_TxCpltCallback)
    HAL_GPIO_Init                            0x08001029   Thumb Code   448  stm32f4xx_hal_gpio.o(i.HAL_GPIO_Init)
    HAL_GPIO_WritePin                        0x08001215   Thumb Code    10  stm32f4xx_hal_gpio.o(i.HAL_GPIO_WritePin)
    HAL_GetTick                              0x08001221   Thumb Code     6  stm32f4xx_hal.o(i.HAL_GetTick)
    HAL_I2C_Init                             0x0800122d   Thumb Code   376  stm32f4xx_hal_i2c.o(i.HAL_I2C_Init)
    HAL_I2C_MspInit                          0x080013b5   Thumb Code    90  i2c.o(i.HAL_I2C_MspInit)
    HAL_IncTick                              0x0800141d   Thumb Code    12  stm32f4xx_hal.o(i.HAL_IncTick)
    HAL_Init                                 0x0800142d   Thumb Code    48  stm32f4xx_hal.o(i.HAL_Init)
    HAL_InitTick                             0x08001461   Thumb Code    54  stm32f4xx_hal.o(i.HAL_InitTick)
    HAL_MspInit                              0x080014a1   Thumb Code    42  stm32f4xx_hal_msp.o(i.HAL_MspInit)
    HAL_NVIC_EnableIRQ                       0x080014d1   Thumb Code    26  stm32f4xx_hal_cortex.o(i.HAL_NVIC_EnableIRQ)
    HAL_NVIC_SetPriority                     0x080014ed   Thumb Code    60  stm32f4xx_hal_cortex.o(i.HAL_NVIC_SetPriority)
    HAL_NVIC_SetPriorityGrouping             0x0800152d   Thumb Code    26  stm32f4xx_hal_cortex.o(i.HAL_NVIC_SetPriorityGrouping)
    HAL_RCC_CSSCallback                      0x08001551   Thumb Code     2  stm32f4xx_hal_rcc.o(i.HAL_RCC_CSSCallback)
    HAL_RCC_ClockConfig                      0x08001555   Thumb Code   288  stm32f4xx_hal_rcc.o(i.HAL_RCC_ClockConfig)
    HAL_RCC_EnableCSS                        0x08001689   Thumb Code     8  stm32f4xx_hal_rcc.o(i.HAL_RCC_EnableCSS)
    HAL_RCC_GetPCLK1Freq                     0x08001695   Thumb Code    20  stm32f4xx_hal_rcc.o(i.HAL_RCC_GetPCLK1Freq)
    HAL_RCC_GetPCLK2Freq                     0x080016b5   Thumb Code    20  stm32f4xx_hal_rcc.o(i.HAL_RCC_GetPCLK2Freq)
    HAL_RCC_GetSysClockFreq                  0x080016d5   Thumb Code    88  stm32f4xx_hal_rcc.o(i.HAL_RCC_GetSysClockFreq)
    HAL_RCC_NMI_IRQHandler                   0x08001735   Thumb Code    24  stm32f4xx_hal_rcc.o(i.HAL_RCC_NMI_IRQHandler)
    HAL_RCC_OscConfig                        0x08001751   Thumb Code   856  stm32f4xx_hal_rcc.o(i.HAL_RCC_OscConfig)
    HAL_SYSTICK_Config                       0x08001abd   Thumb Code    40  stm32f4xx_hal_cortex.o(i.HAL_SYSTICK_Config)
    HAL_TIMEx_BreakCallback                  0x08001ae5   Thumb Code     2  stm32f4xx_hal_tim_ex.o(i.HAL_TIMEx_BreakCallback)
    HAL_TIMEx_CommutCallback                 0x08001ae7   Thumb Code     2  stm32f4xx_hal_tim_ex.o(i.HAL_TIMEx_CommutCallback)
    HAL_TIMEx_MasterConfigSynchronization    0x08001ae9   Thumb Code   116  stm32f4xx_hal_tim_ex.o(i.HAL_TIMEx_MasterConfigSynchronization)
    HAL_TIM_Base_Init                        0x08001b79   Thumb Code    90  stm32f4xx_hal_tim.o(i.HAL_TIM_Base_Init)
    HAL_TIM_Base_MspInit                     0x08001bd5   Thumb Code    94  tim.o(i.HAL_TIM_Base_MspInit)
    HAL_TIM_Base_Start_IT                    0x08001c41   Thumb Code   100  stm32f4xx_hal_tim.o(i.HAL_TIM_Base_Start_IT)
    HAL_TIM_ConfigClockSource                0x08001cc1   Thumb Code   214  stm32f4xx_hal_tim.o(i.HAL_TIM_ConfigClockSource)
    HAL_TIM_IC_CaptureCallback               0x08001d97   Thumb Code     2  stm32f4xx_hal_tim.o(i.HAL_TIM_IC_CaptureCallback)
    HAL_TIM_IRQHandler                       0x08001d99   Thumb Code   358  stm32f4xx_hal_tim.o(i.HAL_TIM_IRQHandler)
    HAL_TIM_OC_DelayElapsedCallback          0x08001eff   Thumb Code     2  stm32f4xx_hal_tim.o(i.HAL_TIM_OC_DelayElapsedCallback)
    HAL_TIM_PWM_PulseFinishedCallback        0x08001f01   Thumb Code     2  stm32f4xx_hal_tim.o(i.HAL_TIM_PWM_PulseFinishedCallback)
    HAL_TIM_PeriodElapsedCallback            0x08001f05   Thumb Code    22  main.o(i.HAL_TIM_PeriodElapsedCallback)
    HAL_TIM_SlaveConfigSynchro               0x08001f21   Thumb Code    86  stm32f4xx_hal_tim.o(i.HAL_TIM_SlaveConfigSynchro)
    HAL_TIM_TriggerCallback                  0x08001f77   Thumb Code     2  stm32f4xx_hal_tim.o(i.HAL_TIM_TriggerCallback)
    HAL_UARTEx_RxEventCallback               0x08001f79   Thumb Code     2  stm32f4xx_hal_uart.o(i.HAL_UARTEx_RxEventCallback)
    HAL_UART_DMAStop                         0x08001f7b   Thumb Code    88  stm32f4xx_hal_uart.o(i.HAL_UART_DMAStop)
    HAL_UART_ErrorCallback                   0x08001fd3   Thumb Code     2  stm32f4xx_hal_uart.o(i.HAL_UART_ErrorCallback)
    HAL_UART_IRQHandler                      0x08001fd5   Thumb Code   522  stm32f4xx_hal_uart.o(i.HAL_UART_IRQHandler)
    HAL_UART_Init                            0x080021e5   Thumb Code    98  stm32f4xx_hal_uart.o(i.HAL_UART_Init)
    HAL_UART_MspInit                         0x08002249   Thumb Code   424  usart.o(i.HAL_UART_MspInit)
    HAL_UART_Receive_DMA                     0x08002411   Thumb Code    42  stm32f4xx_hal_uart.o(i.HAL_UART_Receive_DMA)
    HAL_UART_RxCpltCallback                  0x0800243b   Thumb Code     2  stm32f4xx_hal_uart.o(i.HAL_UART_RxCpltCallback)
    HAL_UART_RxHalfCpltCallback              0x0800243d   Thumb Code     2  stm32f4xx_hal_uart.o(i.HAL_UART_RxHalfCpltCallback)
    HAL_UART_Transmit                        0x08002441   Thumb Code   178  stm32f4xx_hal_uart.o(i.HAL_UART_Transmit)
    HAL_UART_Transmit_DMA                    0x080024f5   Thumb Code   114  stm32f4xx_hal_uart.o(i.HAL_UART_Transmit_DMA)
    HAL_UART_TxCpltCallback                  0x08002575   Thumb Code     2  stm32f4xx_hal_uart.o(i.HAL_UART_TxCpltCallback)
    HAL_UART_TxHalfCpltCallback              0x08002577   Thumb Code     2  stm32f4xx_hal_uart.o(i.HAL_UART_TxHalfCpltCallback)
    HardFault_Handler                        0x08002579   Thumb Code     2  stm32f4xx_it.o(i.HardFault_Handler)
    InitFollowParam                          0x0800257d   Thumb Code    12  follow_para.o(i.InitFollowParam)
    LED_GPIO_Init                            0x0800258d   Thumb Code    98  bsp_led.o(i.LED_GPIO_Init)
    MX_ADC3_Init                             0x080025f9   Thumb Code    90  adc.o(i.MX_ADC3_Init)
    MX_DMA_Init                              0x08002661   Thumb Code   120  dma.o(i.MX_DMA_Init)
    MX_GPIO_Init                             0x080026dd   Thumb Code   150  gpio.o(i.MX_GPIO_Init)
    MX_I2C2_Init                             0x0800277d   Thumb Code    50  i2c.o(i.MX_I2C2_Init)
    MX_TIM2_Init                             0x080027bd   Thumb Code    98  tim.o(i.MX_TIM2_Init)
    MX_TIM3_Init                             0x08002829   Thumb Code    94  tim.o(i.MX_TIM3_Init)
    MX_TIM4_Init                             0x08002891   Thumb Code    96  tim.o(i.MX_TIM4_Init)
    MX_UART4_Init                            0x080028f9   Thumb Code    48  usart.o(i.MX_UART4_Init)
    MX_USART6_UART_Init                      0x08002931   Thumb Code    48  usart.o(i.MX_USART6_UART_Init)
    MemManage_Handler                        0x08002969   Thumb Code     2  stm32f4xx_it.o(i.MemManage_Handler)
    NMI_Handler                              0x0800296b   Thumb Code     6  stm32f4xx_it.o(i.NMI_Handler)
    PendSV_Handler                           0x08002a19   Thumb Code     2  stm32f4xx_it.o(i.PendSV_Handler)
    SVC_Handler                              0x08002a1b   Thumb Code     2  stm32f4xx_it.o(i.SVC_Handler)
    SysTick_Handler                          0x08002a1d   Thumb Code     4  stm32f4xx_it.o(i.SysTick_Handler)
    SystemClock_Config                       0x08002a21   Thumb Code   144  main.o(i.SystemClock_Config)
    SystemInit                               0x08002ab9   Thumb Code    12  system_stm32f4xx.o(i.SystemInit)
    TIM4_IRQHandler                          0x08002ac9   Thumb Code     6  stm32f4xx_it.o(i.TIM4_IRQHandler)
    TIM_Base_SetConfig                       0x08002ad5   Thumb Code   156  stm32f4xx_hal_tim.o(i.TIM_Base_SetConfig)
    TIM_ETR_SetConfig                        0x08002b9d   Thumb Code    20  stm32f4xx_hal_tim.o(i.TIM_ETR_SetConfig)
    UART4_IRQHandler                         0x08002c8d   Thumb Code    16  stm32f4xx_it.o(i.UART4_IRQHandler)
    UART_Start_Receive_DMA                   0x08002fa5   Thumb Code    98  stm32f4xx_hal_uart.o(i.UART_Start_Receive_DMA)
    USART6_IRQHandler                        0x08003079   Thumb Code     6  stm32f4xx_it.o(i.USART6_IRQHandler)
    UsageFault_Handler                       0x08003085   Thumb Code     2  stm32f4xx_it.o(i.UsageFault_Handler)
    __0printf                                0x08003089   Thumb Code    22  printfa.o(i.__0printf)
    __1printf                                0x08003089   Thumb Code     0  printfa.o(i.__0printf)
    __2printf                                0x08003089   Thumb Code     0  printfa.o(i.__0printf)
    __c89printf                              0x08003089   Thumb Code     0  printfa.o(i.__0printf)
    printf                                   0x08003089   Thumb Code     0  printfa.o(i.__0printf)
    __scatterload_copy                       0x080030c9   Thumb Code    14  handlers.o(i.__scatterload_copy)
    __scatterload_null                       0x080030d7   Thumb Code     2  handlers.o(i.__scatterload_null)
    __scatterload_zeroinit                   0x080030d9   Thumb Code    14  handlers.o(i.__scatterload_zeroinit)
    bsp_pc_usart_Analysis_function           0x0800399d   Thumb Code    42  bsp_pc_usart.o(i.bsp_pc_usart_Analysis_function)
    bsp_pc_usart_Send_function               0x080039cd   Thumb Code    46  bsp_pc_usart.o(i.bsp_pc_usart_Send_function)
    bsp_pc_usart_init                        0x08003a09   Thumb Code    22  bsp_pc_usart.o(i.bsp_pc_usart_init)
    bsp_pc_usart_isr                         0x08003a29   Thumb Code    68  bsp_pc_usart.o(i.bsp_pc_usart_isr)
    fputc                                    0x08003a7d   Thumb Code    20  bsp_debug_usart.o(i.fputc)
    main                                     0x08003a95   Thumb Code    68  main.o(i.main)
    AHBPrescTable                            0x08003ae4   Data          16  system_stm32f4xx.o(.constdata)
    APBPrescTable                            0x08003af4   Data           8  system_stm32f4xx.o(.constdata)
    Region$$Table$$Base                      0x08003afc   Number         0  anon$$obj.o(Region$$Table)
    Region$$Table$$Limit                     0x08003b1c   Number         0  anon$$obj.o(Region$$Table)
    uwTickFreq                               0x20000004   Data           1  stm32f4xx_hal.o(.data)
    uwTickPrio                               0x20000008   Data           4  stm32f4xx_hal.o(.data)
    uwTick                                   0x2000000c   Data           4  stm32f4xx_hal.o(.data)
    SystemCoreClock                          0x20000010   Data           4  system_stm32f4xx.o(.data)
    __stdout                                 0x20000014   Data           4  stdout.o(.data)
    hadc3                                    0x20000018   Data          72  adc.o(.bss)
    hdma_adc3                                0x20000060   Data          96  adc.o(.bss)
    hi2c2                                    0x200000c0   Data          84  i2c.o(.bss)
    htim2                                    0x20000114   Data          72  tim.o(.bss)
    htim3                                    0x2000015c   Data          72  tim.o(.bss)
    htim4                                    0x200001a4   Data          72  tim.o(.bss)
    huart4                                   0x200001ec   Data          68  usart.o(.bss)
    huart6                                   0x20000230   Data          68  usart.o(.bss)
    hdma_uart4_rx                            0x20000274   Data          96  usart.o(.bss)
    hdma_uart4_tx                            0x200002d4   Data          96  usart.o(.bss)
    hdma_usart6_rx                           0x20000334   Data          96  usart.o(.bss)
    hdma_usart6_tx                           0x20000394   Data          96  usart.o(.bss)
    FollowParaManager                        0x200003f4   Data          68  follow_para.o(.bss)
    s_Controller                             0x20000438   Data          40  follow_controller.o(.bss)
    DMARxDscrTab                             0x20000460   Data         128  ethernetif.o(.bss)
    DMATxDscrTab                             0x200004e0   Data         128  ethernetif.o(.bss)
    Rx_Buff                                  0x20000560   Data        6096  ethernetif.o(.bss)
    Tx_Buff                                  0x20001d30   Data        6096  ethernetif.o(.bss)
    heth                                     0x20003500   Data          72  ethernetif.o(.bss)
    __initial_sp                             0x20004750   Data           0  startup_stm32f407xx.o(STACK)



==============================================================================

Memory Map of the image

  Image Entry point : 0x08000189

  Load Region LR_IROM1 (Base: 0x08000000, Size: 0x00003b34, Max: 0x00080000, ABSOLUTE)

    Execution Region ER_IROM1 (Exec base: 0x08000000, Load base: 0x08000000, Size: 0x00003b1c, Max: 0x00080000, ABSOLUTE)

    Exec Addr    Load Addr    Size         Type   Attr      Idx    E Section Name        Object

    0x08000000   0x08000000   0x00000188   Data   RO            3    RESET               startup_stm32f407xx.o
    0x08000188   0x08000188   0x00000000   Code   RO         6322  * .ARM.Collect$$$$00000000  mc_w.l(entry.o)
    0x08000188   0x08000188   0x00000004   Code   RO         6608    .ARM.Collect$$$$00000001  mc_w.l(entry2.o)
    0x0800018c   0x0800018c   0x00000004   Code   RO         6611    .ARM.Collect$$$$00000004  mc_w.l(entry5.o)
    0x08000190   0x08000190   0x00000000   Code   RO         6613    .ARM.Collect$$$$00000008  mc_w.l(entry7b.o)
    0x08000190   0x08000190   0x00000000   Code   RO         6615    .ARM.Collect$$$$0000000A  mc_w.l(entry8b.o)
    0x08000190   0x08000190   0x00000008   Code   RO         6616    .ARM.Collect$$$$0000000B  mc_w.l(entry9a.o)
    0x08000198   0x08000198   0x00000000   Code   RO         6618    .ARM.Collect$$$$0000000D  mc_w.l(entry10a.o)
    0x08000198   0x08000198   0x00000000   Code   RO         6620    .ARM.Collect$$$$0000000F  mc_w.l(entry11a.o)
    0x08000198   0x08000198   0x00000004   Code   RO         6609    .ARM.Collect$$$$00002712  mc_w.l(entry2.o)
    0x0800019c   0x0800019c   0x00000024   Code   RO            4    .text               startup_stm32f407xx.o
    0x080001c0   0x080001c0   0x00000062   Code   RO         6325    .text               mc_w.l(uldiv.o)
    0x08000222   0x08000222   0x00000024   Code   RO         6329    .text               mc_w.l(memcpya.o)
    0x08000246   0x08000246   0x00000024   Code   RO         6331    .text               mc_w.l(memseta.o)
    0x0800026a   0x0800026a   0x0000014e   Code   RO         6602    .text               mf_w.l(dadd.o)
    0x080003b8   0x080003b8   0x000000de   Code   RO         6604    .text               mf_w.l(ddiv.o)
    0x08000496   0x08000496   0x0000002c   Code   RO         6623    .text               mc_w.l(uidiv.o)
    0x080004c2   0x080004c2   0x0000001e   Code   RO         6625    .text               mc_w.l(llshl.o)
    0x080004e0   0x080004e0   0x00000020   Code   RO         6627    .text               mc_w.l(llushr.o)
    0x08000500   0x08000500   0x00000024   Code   RO         6629    .text               mc_w.l(llsshr.o)
    0x08000524   0x08000524   0x00000000   Code   RO         6631    .text               mc_w.l(iusefp.o)
    0x08000524   0x08000524   0x000000ba   Code   RO         6632    .text               mf_w.l(depilogue.o)
    0x080005de   0x080005de   0x000000e4   Code   RO         6634    .text               mf_w.l(dmul.o)
    0x080006c2   0x080006c2   0x00000030   Code   RO         6636    .text               mf_w.l(dfixul.o)
    0x080006f2   0x080006f2   0x00000002   PAD
    0x080006f4   0x080006f4   0x00000030   Code   RO         6638    .text               mf_w.l(cdrcmple.o)
    0x08000724   0x08000724   0x00000024   Code   RO         6640    .text               mc_w.l(init.o)
    0x08000748   0x08000748   0x00000128   Code   RO         2130    i.ADC_Init          stm32f4xx_hal_adc.o
    0x08000870   0x08000870   0x00000002   Code   RO          579    i.BusFault_Handler  stm32f4xx_it.o
    0x08000872   0x08000872   0x00000002   PAD
    0x08000874   0x08000874   0x0000000c   Code   RO          580    i.DMA1_Stream2_IRQHandler  stm32f4xx_it.o
    0x08000880   0x08000880   0x0000000c   Code   RO          581    i.DMA1_Stream4_IRQHandler  stm32f4xx_it.o
    0x0800088c   0x0800088c   0x0000000c   Code   RO          582    i.DMA2_Stream0_IRQHandler  stm32f4xx_it.o
    0x08000898   0x08000898   0x0000000c   Code   RO          583    i.DMA2_Stream1_IRQHandler  stm32f4xx_it.o
    0x080008a4   0x080008a4   0x0000000c   Code   RO          584    i.DMA2_Stream6_IRQHandler  stm32f4xx_it.o
    0x080008b0   0x080008b0   0x00000028   Code   RO         1301    i.DMA_CalcBaseAndBitshift  stm32f4xx_hal_dma.o
    0x080008d8   0x080008d8   0x00000054   Code   RO         1302    i.DMA_CheckFifoParam  stm32f4xx_hal_dma.o
    0x0800092c   0x0800092c   0x00000028   Code   RO         1303    i.DMA_SetConfig     stm32f4xx_hal_dma.o
    0x08000954   0x08000954   0x00000002   Code   RO          585    i.DebugMon_Handler  stm32f4xx_it.o
    0x08000956   0x08000956   0x00000002   PAD
    0x08000958   0x08000958   0x0000000c   Code   RO          586    i.ETH_IRQHandler    stm32f4xx_it.o
    0x08000964   0x08000964   0x00000004   Code   RO           13    i.Error_Handler     main.o
    0x08000968   0x08000968   0x00000008   Code   RO          781    i.FollowController_Get  follow_controller.o
    0x08000970   0x08000970   0x00000012   Code   RO          782    i.FollowController_Init  follow_controller.o
    0x08000982   0x08000982   0x0000000a   Code   RO          783    i.FollowController_OnStep  follow_controller.o
    0x0800098c   0x0800098c   0x00000032   Code   RO          784    i.FollowController_Reset  follow_controller.o
    0x080009be   0x080009be   0x00000002   PAD
    0x080009c0   0x080009c0   0x0000014c   Code   RO         2132    i.HAL_ADC_ConfigChannel  stm32f4xx_hal_adc.o
    0x08000b0c   0x08000b0c   0x00000054   Code   RO         2141    i.HAL_ADC_Init      stm32f4xx_hal_adc.o
    0x08000b60   0x08000b60   0x0000009c   Code   RO          370    i.HAL_ADC_MspInit   adc.o
    0x08000bfc   0x08000bfc   0x0000008e   Code   RO         1304    i.HAL_DMA_Abort     stm32f4xx_hal_dma.o
    0x08000c8a   0x08000c8a   0x00000024   Code   RO         1305    i.HAL_DMA_Abort_IT  stm32f4xx_hal_dma.o
    0x08000cae   0x08000cae   0x00000002   PAD
    0x08000cb0   0x08000cb0   0x000001a0   Code   RO         1309    i.HAL_DMA_IRQHandler  stm32f4xx_hal_dma.o
    0x08000e50   0x08000e50   0x000000d4   Code   RO         1310    i.HAL_DMA_Init      stm32f4xx_hal_dma.o
    0x08000f24   0x08000f24   0x0000006e   Code   RO         1314    i.HAL_DMA_Start_IT  stm32f4xx_hal_dma.o
    0x08000f92   0x08000f92   0x00000002   Code   RO         1982    i.HAL_ETH_ErrorCallback  stm32f4xx_hal_eth.o
    0x08000f94   0x08000f94   0x0000007a   Code   RO         1986    i.HAL_ETH_IRQHandler  stm32f4xx_hal_eth.o
    0x0800100e   0x0800100e   0x00000002   PAD
    0x08001010   0x08001010   0x00000014   Code   RO         6091    i.HAL_ETH_RxCpltCallback  ethernetif.o
    0x08001024   0x08001024   0x00000002   Code   RO         6092    i.HAL_ETH_TxCpltCallback  ethernetif.o
    0x08001026   0x08001026   0x00000002   PAD
    0x08001028   0x08001028   0x000001ec   Code   RO         1197    i.HAL_GPIO_Init     stm32f4xx_hal_gpio.o
    0x08001214   0x08001214   0x0000000a   Code   RO         1201    i.HAL_GPIO_WritePin  stm32f4xx_hal_gpio.o
    0x0800121e   0x0800121e   0x00000002   PAD
    0x08001220   0x08001220   0x0000000c   Code   RO         1729    i.HAL_GetTick       stm32f4xx_hal.o
    0x0800122c   0x0800122c   0x00000188   Code   RO         2418    i.HAL_I2C_Init      stm32f4xx_hal_i2c.o
    0x080013b4   0x080013b4   0x00000068   Code   RO          436    i.HAL_I2C_MspInit   i2c.o
    0x0800141c   0x0800141c   0x00000010   Code   RO         1735    i.HAL_IncTick       stm32f4xx_hal.o
    0x0800142c   0x0800142c   0x00000034   Code   RO         1736    i.HAL_Init          stm32f4xx_hal.o
    0x08001460   0x08001460   0x00000040   Code   RO         1737    i.HAL_InitTick      stm32f4xx_hal.o
    0x080014a0   0x080014a0   0x00000030   Code   RO          717    i.HAL_MspInit       stm32f4xx_hal_msp.o
    0x080014d0   0x080014d0   0x0000001a   Code   RO         1586    i.HAL_NVIC_EnableIRQ  stm32f4xx_hal_cortex.o
    0x080014ea   0x080014ea   0x00000002   PAD
    0x080014ec   0x080014ec   0x00000040   Code   RO         1592    i.HAL_NVIC_SetPriority  stm32f4xx_hal_cortex.o
    0x0800152c   0x0800152c   0x00000024   Code   RO         1593    i.HAL_NVIC_SetPriorityGrouping  stm32f4xx_hal_cortex.o
    0x08001550   0x08001550   0x00000002   Code   RO          842    i.HAL_RCC_CSSCallback  stm32f4xx_hal_rcc.o
    0x08001552   0x08001552   0x00000002   PAD
    0x08001554   0x08001554   0x00000134   Code   RO          843    i.HAL_RCC_ClockConfig  stm32f4xx_hal_rcc.o
    0x08001688   0x08001688   0x0000000c   Code   RO          846    i.HAL_RCC_EnableCSS  stm32f4xx_hal_rcc.o
    0x08001694   0x08001694   0x00000020   Code   RO          850    i.HAL_RCC_GetPCLK1Freq  stm32f4xx_hal_rcc.o
    0x080016b4   0x080016b4   0x00000020   Code   RO          851    i.HAL_RCC_GetPCLK2Freq  stm32f4xx_hal_rcc.o
    0x080016d4   0x080016d4   0x00000060   Code   RO          852    i.HAL_RCC_GetSysClockFreq  stm32f4xx_hal_rcc.o
    0x08001734   0x08001734   0x0000001c   Code   RO          854    i.HAL_RCC_NMI_IRQHandler  stm32f4xx_hal_rcc.o
    0x08001750   0x08001750   0x0000036c   Code   RO          855    i.HAL_RCC_OscConfig  stm32f4xx_hal_rcc.o
    0x08001abc   0x08001abc   0x00000028   Code   RO         1597    i.HAL_SYSTICK_Config  stm32f4xx_hal_cortex.o
    0x08001ae4   0x08001ae4   0x00000002   Code   RO         3558    i.HAL_TIMEx_BreakCallback  stm32f4xx_hal_tim_ex.o
    0x08001ae6   0x08001ae6   0x00000002   Code   RO         3559    i.HAL_TIMEx_CommutCallback  stm32f4xx_hal_tim_ex.o
    0x08001ae8   0x08001ae8   0x00000090   Code   RO         3577    i.HAL_TIMEx_MasterConfigSynchronization  stm32f4xx_hal_tim_ex.o
    0x08001b78   0x08001b78   0x0000005a   Code   RO         2854    i.HAL_TIM_Base_Init  stm32f4xx_hal_tim.o
    0x08001bd2   0x08001bd2   0x00000002   PAD
    0x08001bd4   0x08001bd4   0x0000006c   Code   RO          478    i.HAL_TIM_Base_MspInit  tim.o
    0x08001c40   0x08001c40   0x00000080   Code   RO         2859    i.HAL_TIM_Base_Start_IT  stm32f4xx_hal_tim.o
    0x08001cc0   0x08001cc0   0x000000d6   Code   RO         2863    i.HAL_TIM_ConfigClockSource  stm32f4xx_hal_tim.o
    0x08001d96   0x08001d96   0x00000002   Code   RO         2888    i.HAL_TIM_IC_CaptureCallback  stm32f4xx_hal_tim.o
    0x08001d98   0x08001d98   0x00000166   Code   RO         2902    i.HAL_TIM_IRQHandler  stm32f4xx_hal_tim.o
    0x08001efe   0x08001efe   0x00000002   Code   RO         2905    i.HAL_TIM_OC_DelayElapsedCallback  stm32f4xx_hal_tim.o
    0x08001f00   0x08001f00   0x00000002   Code   RO         2932    i.HAL_TIM_PWM_PulseFinishedCallback  stm32f4xx_hal_tim.o
    0x08001f02   0x08001f02   0x00000002   PAD
    0x08001f04   0x08001f04   0x0000001c   Code   RO           14    i.HAL_TIM_PeriodElapsedCallback  main.o
    0x08001f20   0x08001f20   0x00000056   Code   RO         2943    i.HAL_TIM_SlaveConfigSynchro  stm32f4xx_hal_tim.o
    0x08001f76   0x08001f76   0x00000002   Code   RO         2945    i.HAL_TIM_TriggerCallback  stm32f4xx_hal_tim.o
    0x08001f78   0x08001f78   0x00000002   Code   RO         3836    i.HAL_UARTEx_RxEventCallback  stm32f4xx_hal_uart.o
    0x08001f7a   0x08001f7a   0x00000058   Code   RO         3848    i.HAL_UART_DMAStop  stm32f4xx_hal_uart.o
    0x08001fd2   0x08001fd2   0x00000002   Code   RO         3850    i.HAL_UART_ErrorCallback  stm32f4xx_hal_uart.o
    0x08001fd4   0x08001fd4   0x00000210   Code   RO         3853    i.HAL_UART_IRQHandler  stm32f4xx_hal_uart.o
    0x080021e4   0x080021e4   0x00000062   Code   RO         3854    i.HAL_UART_Init     stm32f4xx_hal_uart.o
    0x08002246   0x08002246   0x00000002   PAD
    0x08002248   0x08002248   0x000001c8   Code   RO          532    i.HAL_UART_MspInit  usart.o
    0x08002410   0x08002410   0x0000002a   Code   RO         3858    i.HAL_UART_Receive_DMA  stm32f4xx_hal_uart.o
    0x0800243a   0x0800243a   0x00000002   Code   RO         3860    i.HAL_UART_RxCpltCallback  stm32f4xx_hal_uart.o
    0x0800243c   0x0800243c   0x00000002   Code   RO         3861    i.HAL_UART_RxHalfCpltCallback  stm32f4xx_hal_uart.o
    0x0800243e   0x0800243e   0x00000002   PAD
    0x08002440   0x08002440   0x000000b2   Code   RO         3862    i.HAL_UART_Transmit  stm32f4xx_hal_uart.o
    0x080024f2   0x080024f2   0x00000002   PAD
    0x080024f4   0x080024f4   0x00000080   Code   RO         3863    i.HAL_UART_Transmit_DMA  stm32f4xx_hal_uart.o
    0x08002574   0x08002574   0x00000002   Code   RO         3865    i.HAL_UART_TxCpltCallback  stm32f4xx_hal_uart.o
    0x08002576   0x08002576   0x00000002   Code   RO         3866    i.HAL_UART_TxHalfCpltCallback  stm32f4xx_hal_uart.o
    0x08002578   0x08002578   0x00000002   Code   RO          587    i.HardFault_Handler  stm32f4xx_it.o
    0x0800257a   0x0800257a   0x00000002   PAD
    0x0800257c   0x0800257c   0x00000010   Code   RO          742    i.InitFollowParam   follow_para.o
    0x0800258c   0x0800258c   0x0000006c   Code   RO         6295    i.LED_GPIO_Init     bsp_led.o
    0x080025f8   0x080025f8   0x00000068   Code   RO          371    i.MX_ADC3_Init      adc.o
    0x08002660   0x08002660   0x0000007c   Code   RO          411    i.MX_DMA_Init       dma.o
    0x080026dc   0x080026dc   0x000000a0   Code   RO          345    i.MX_GPIO_Init      gpio.o
    0x0800277c   0x0800277c   0x00000040   Code   RO          437    i.MX_I2C2_Init      i2c.o
    0x080027bc   0x080027bc   0x0000006c   Code   RO          479    i.MX_TIM2_Init      tim.o
    0x08002828   0x08002828   0x00000068   Code   RO          480    i.MX_TIM3_Init      tim.o
    0x08002890   0x08002890   0x00000068   Code   RO          481    i.MX_TIM4_Init      tim.o
    0x080028f8   0x080028f8   0x00000038   Code   RO          533    i.MX_UART4_Init     usart.o
    0x08002930   0x08002930   0x00000038   Code   RO          534    i.MX_USART6_UART_Init  usart.o
    0x08002968   0x08002968   0x00000002   Code   RO          588    i.MemManage_Handler  stm32f4xx_it.o
    0x0800296a   0x0800296a   0x00000006   Code   RO          589    i.NMI_Handler       stm32f4xx_it.o
    0x08002970   0x08002970   0x000000a8   Code   RO          785    i.OnControl         follow_controller.o
    0x08002a18   0x08002a18   0x00000002   Code   RO          590    i.PendSV_Handler    stm32f4xx_it.o
    0x08002a1a   0x08002a1a   0x00000002   Code   RO          591    i.SVC_Handler       stm32f4xx_it.o
    0x08002a1c   0x08002a1c   0x00000004   Code   RO          592    i.SysTick_Handler   stm32f4xx_it.o
    0x08002a20   0x08002a20   0x00000098   Code   RO           15    i.SystemClock_Config  main.o
    0x08002ab8   0x08002ab8   0x00000010   Code   RO         4183    i.SystemInit        system_stm32f4xx.o
    0x08002ac8   0x08002ac8   0x0000000c   Code   RO          593    i.TIM4_IRQHandler   stm32f4xx_it.o
    0x08002ad4   0x08002ad4   0x000000c8   Code   RO         2947    i.TIM_Base_SetConfig  stm32f4xx_hal_tim.o
    0x08002b9c   0x08002b9c   0x00000014   Code   RO         2958    i.TIM_ETR_SetConfig  stm32f4xx_hal_tim.o
    0x08002bb0   0x08002bb0   0x00000010   Code   RO         2959    i.TIM_ITRx_SetConfig  stm32f4xx_hal_tim.o
    0x08002bc0   0x08002bc0   0x00000086   Code   RO         2964    i.TIM_SlaveTimer_SetConfig  stm32f4xx_hal_tim.o
    0x08002c46   0x08002c46   0x00000022   Code   RO         2965    i.TIM_TI1_ConfigInputStage  stm32f4xx_hal_tim.o
    0x08002c68   0x08002c68   0x00000024   Code   RO         2967    i.TIM_TI2_ConfigInputStage  stm32f4xx_hal_tim.o
    0x08002c8c   0x08002c8c   0x00000014   Code   RO          594    i.UART4_IRQHandler  stm32f4xx_it.o
    0x08002ca0   0x08002ca0   0x00000010   Code   RO         3867    i.UART_DMAAbortOnError  stm32f4xx_hal_uart.o
    0x08002cb0   0x08002cb0   0x0000004a   Code   RO         3868    i.UART_DMAError     stm32f4xx_hal_uart.o
    0x08002cfa   0x08002cfa   0x0000005a   Code   RO         3869    i.UART_DMAReceiveCplt  stm32f4xx_hal_uart.o
    0x08002d54   0x08002d54   0x0000001a   Code   RO         3871    i.UART_DMARxHalfCplt  stm32f4xx_hal_uart.o
    0x08002d6e   0x08002d6e   0x0000002e   Code   RO         3873    i.UART_DMATransmitCplt  stm32f4xx_hal_uart.o
    0x08002d9c   0x08002d9c   0x0000000a   Code   RO         3875    i.UART_DMATxHalfCplt  stm32f4xx_hal_uart.o
    0x08002da6   0x08002da6   0x00000030   Code   RO         3877    i.UART_EndRxTransfer  stm32f4xx_hal_uart.o
    0x08002dd6   0x08002dd6   0x00000012   Code   RO         3878    i.UART_EndTxTransfer  stm32f4xx_hal_uart.o
    0x08002de8   0x08002de8   0x000000ae   Code   RO         3879    i.UART_Receive_IT   stm32f4xx_hal_uart.o
    0x08002e96   0x08002e96   0x00000002   PAD
    0x08002e98   0x08002e98   0x0000010c   Code   RO         3880    i.UART_SetConfig    stm32f4xx_hal_uart.o
    0x08002fa4   0x08002fa4   0x00000070   Code   RO         3881    i.UART_Start_Receive_DMA  stm32f4xx_hal_uart.o
    0x08003014   0x08003014   0x00000064   Code   RO         3883    i.UART_WaitOnFlagUntilTimeout  stm32f4xx_hal_uart.o
    0x08003078   0x08003078   0x0000000c   Code   RO          595    i.USART6_IRQHandler  stm32f4xx_it.o
    0x08003084   0x08003084   0x00000002   Code   RO          596    i.UsageFault_Handler  stm32f4xx_it.o
    0x08003086   0x08003086   0x00000002   PAD
    0x08003088   0x08003088   0x00000020   Code   RO         6574    i.__0printf         mc_w.l(printfa.o)
    0x080030a8   0x080030a8   0x00000020   Code   RO         1599    i.__NVIC_SetPriority  stm32f4xx_hal_cortex.o
    0x080030c8   0x080030c8   0x0000000e   Code   RO         6644    i.__scatterload_copy  mc_w.l(handlers.o)
    0x080030d6   0x080030d6   0x00000002   Code   RO         6645    i.__scatterload_null  mc_w.l(handlers.o)
    0x080030d8   0x080030d8   0x0000000e   Code   RO         6646    i.__scatterload_zeroinit  mc_w.l(handlers.o)
    0x080030e6   0x080030e6   0x00000002   PAD
    0x080030e8   0x080030e8   0x00000184   Code   RO         6581    i._fp_digits        mc_w.l(printfa.o)
    0x0800326c   0x0800326c   0x000006dc   Code   RO         6582    i._printf_core      mc_w.l(printfa.o)
    0x08003948   0x08003948   0x00000024   Code   RO         6583    i._printf_post_padding  mc_w.l(printfa.o)
    0x0800396c   0x0800396c   0x0000002e   Code   RO         6584    i._printf_pre_padding  mc_w.l(printfa.o)
    0x0800399a   0x0800399a   0x00000002   PAD
    0x0800399c   0x0800399c   0x00000030   Code   RO         6242    i.bsp_pc_usart_Analysis_function  bsp_pc_usart.o
    0x080039cc   0x080039cc   0x0000003c   Code   RO         6243    i.bsp_pc_usart_Send_function  bsp_pc_usart.o
    0x08003a08   0x08003a08   0x00000020   Code   RO         6244    i.bsp_pc_usart_init  bsp_pc_usart.o
    0x08003a28   0x08003a28   0x00000054   Code   RO         6245    i.bsp_pc_usart_isr  bsp_pc_usart.o
    0x08003a7c   0x08003a7c   0x00000018   Code   RO         6178    i.fputc             bsp_debug_usart.o
    0x08003a94   0x08003a94   0x00000048   Code   RO           16    i.main              main.o
    0x08003adc   0x08003adc   0x00000008   Data   RO         1316    .constdata          stm32f4xx_hal_dma.o
    0x08003ae4   0x08003ae4   0x00000010   Data   RO         4184    .constdata          system_stm32f4xx.o
    0x08003af4   0x08003af4   0x00000008   Data   RO         4185    .constdata          system_stm32f4xx.o
    0x08003afc   0x08003afc   0x00000020   Data   RO         6642    Region$$Table       anon$$obj.o


    Execution Region RW_IRAM1 (Exec base: 0x20000000, Load base: 0x08003b1c, Size: 0x00004750, Max: 0x0001c000, ABSOLUTE)

    Exec Addr    Load Addr    Size         Type   Attr      Idx    E Section Name        Object

    0x20000000   0x08003b1c   0x00000004   Data   RW          788    .data               follow_controller.o
    0x20000004   0x08003b20   0x0000000c   Data   RW         1743    .data               stm32f4xx_hal.o
    0x20000010   0x08003b2c   0x00000004   Data   RW         4186    .data               system_stm32f4xx.o
    0x20000014   0x08003b30   0x00000004   Data   RW         6622    .data               mc_w.l(stdout.o)
    0x20000018        -       0x000000a8   Zero   RW          372    .bss                adc.o
    0x200000c0        -       0x00000054   Zero   RW          438    .bss                i2c.o
    0x20000114        -       0x000000d8   Zero   RW          482    .bss                tim.o
    0x200001ec        -       0x00000208   Zero   RW          535    .bss                usart.o
    0x200003f4        -       0x00000044   Zero   RW          743    .bss                follow_para.o
    0x20000438        -       0x00000028   Zero   RW          787    .bss                follow_controller.o
    0x20000460        -       0x000030e8   Zero   RW         6099    .bss                ethernetif.o
    0x20003548        -       0x00000204   Zero   RW         6246    .bss                bsp_pc_usart.o
    0x2000374c   0x08003b34   0x00000004   PAD
    0x20003750        -       0x00001000   Zero   RW            1    STACK               startup_stm32f407xx.o


    Execution Region RW_IRAM2 (Exec base: 0x2001c000, Load base: 0x08003b34, Size: 0x00000000, Max: 0x00004000, ABSOLUTE)

    **** No section assigned to this execution region ****


==============================================================================

Image component sizes


      Code (inc. data)   RO Data    RW Data    ZI Data      Debug   Object Name

       260         34          0          0        168       1995   adc.o
        24          4          0          0          0       2212   bsp_debug_usart.o
       108         10          0          0          0       1080   bsp_led.o
       224         46          0          0        516       3349   bsp_pc_usart.o
       124          4          0          0          0       1014   dma.o
        22         14          0          0      12520       2153   ethernetif.o
       254         18          0          4         40       3953   follow_controller.o
        16          4          0          0         68       2478   follow_para.o
       160         10          0          0          0       1195   gpio.o
       168         28          0          0         84       1889   i2c.o
       256         18          0          0          0     752788   main.o
        36          8        392          0       4096        848   startup_stm32f407xx.o
       144         24          0         12          0       9037   stm32f4xx_hal.o
       712         28          0          0          0       3095   stm32f4xx_hal_adc.o
       198         14          0          0          0      34079   stm32f4xx_hal_cortex.o
      1080         16          8          0          0       7678   stm32f4xx_hal_dma.o
       124          0          0          0          0       2513   stm32f4xx_hal_eth.o
       502         44          0          0          0       2384   stm32f4xx_hal_gpio.o
       392         16          0          0          0       3271   stm32f4xx_hal_i2c.o
        48          6          0          0          0       1022   stm32f4xx_hal_msp.o
      1386         80          0          0          0       7211   stm32f4xx_hal_rcc.o
      1324         80          0          0          0      12286   stm32f4xx_hal_tim.o
       148         28          0          0          0       2669   stm32f4xx_hal_tim_ex.o
      2056         44          0          0          0      18667   stm32f4xx_hal_uart.o
       140         52          0          0          0       9553   stm32f4xx_it.o
        16          4         24          4          0       1323   system_stm32f4xx.o
       424         42          0          0        216       3360   tim.o
       568         48          0          0        520       3051   usart.o

    ----------------------------------------------------------------------
     10948        724        456         20      18232     896153   Object Totals
         0          0         32          0          0          0   (incl. Generated)
        34          0          0          0          4          0   (incl. Padding)

    ----------------------------------------------------------------------

      Code (inc. data)   RO Data    RW Data    ZI Data      Debug   Library Member Name

         0          0          0          0          0          0   entry.o
         0          0          0          0          0          0   entry10a.o
         0          0          0          0          0          0   entry11a.o
         8          4          0          0          0          0   entry2.o
         4          0          0          0          0          0   entry5.o
         0          0          0          0          0          0   entry7b.o
         0          0          0          0          0          0   entry8b.o
         8          4          0          0          0          0   entry9a.o
        30          0          0          0          0          0   handlers.o
        36          8          0          0          0         68   init.o
         0          0          0          0          0          0   iusefp.o
        30          0          0          0          0         68   llshl.o
        36          0          0          0          0         68   llsshr.o
        32          0          0          0          0         68   llushr.o
        36          0          0          0          0         68   memcpya.o
        36          0          0          0          0        108   memseta.o
      2258         90          0          0          0        452   printfa.o
         0          0          0          4          0          0   stdout.o
        44          0          0          0          0         80   uidiv.o
        98          0          0          0          0         92   uldiv.o
        48          0          0          0          0         68   cdrcmple.o
       334          0          0          0          0        148   dadd.o
       222          0          0          0          0        100   ddiv.o
       186          0          0          0          0        176   depilogue.o
        48          0          0          0          0         68   dfixul.o
       228          0          0          0          0         96   dmul.o

    ----------------------------------------------------------------------
      3728        106          0          4          0       1728   Library Totals
         6          0          0          0          0          0   (incl. Padding)

    ----------------------------------------------------------------------

      Code (inc. data)   RO Data    RW Data    ZI Data      Debug   Library Name

      2656        106          0          4          0       1072   mc_w.l
      1066          0          0          0          0        656   mf_w.l

    ----------------------------------------------------------------------
      3728        106          0          4          0       1728   Library Totals

    ----------------------------------------------------------------------

==============================================================================


      Code (inc. data)   RO Data    RW Data    ZI Data      Debug   

     14676        830        456         24      18232     885401   Grand Totals
     14676        830        456         24      18232     885401   ELF Image Totals
     14676        830        456         24          0          0   ROM Totals

==============================================================================

    Total RO  Size (Code + RO Data)                15132 (  14.78kB)
    Total RW  Size (RW Data + ZI Data)             18256 (  17.83kB)
    Total ROM Size (Code + RO Data + RW Data)      15156 (  14.80kB)

==============================================================================

